Archive member included to satisfy reference by file (symbol)

C:/ST/STM32CubeIDE_1.19.0/STM32CubeIDE/plugins/com.st.stm32cube.ide.mcu.externaltools.gnu-tools-for-stm32.13.3.rel1.win32_1.0.0.202411081344/tools/bin/../lib/gcc/arm-none-eabi/13.3.1/../../../../arm-none-eabi/lib/thumb/v7e-m+dp/hard\libc_nano.a(libc_a-exit.o)
                              C:/ST/STM32CubeIDE_1.19.0/STM32CubeIDE/plugins/com.st.stm32cube.ide.mcu.externaltools.gnu-tools-for-stm32.13.3.rel1.win32_1.0.0.202411081344/tools/bin/../lib/gcc/arm-none-eabi/13.3.1/../../../../arm-none-eabi/lib/thumb/v7e-m+dp/hard/crt0.o (exit)
C:/ST/STM32CubeIDE_1.19.0/STM32CubeIDE/plugins/com.st.stm32cube.ide.mcu.externaltools.gnu-tools-for-stm32.13.3.rel1.win32_1.0.0.202411081344/tools/bin/../lib/gcc/arm-none-eabi/13.3.1/../../../../arm-none-eabi/lib/thumb/v7e-m+dp/hard\libc_nano.a(libc_a-findfp.o)
                              C:/ST/STM32CubeIDE_1.19.0/STM32CubeIDE/plugins/com.st.stm32cube.ide.mcu.externaltools.gnu-tools-for-stm32.13.3.rel1.win32_1.0.0.202411081344/tools/bin/../lib/gcc/arm-none-eabi/13.3.1/../../../../arm-none-eabi/lib/thumb/v7e-m+dp/hard\libc_nano.a(libc_a-exit.o) (__stdio_exit_handler)
C:/ST/STM32CubeIDE_1.19.0/STM32CubeIDE/plugins/com.st.stm32cube.ide.mcu.externaltools.gnu-tools-for-stm32.13.3.rel1.win32_1.0.0.202411081344/tools/bin/../lib/gcc/arm-none-eabi/13.3.1/../../../../arm-none-eabi/lib/thumb/v7e-m+dp/hard\libc_nano.a(libc_a-fwalk.o)
                              C:/ST/STM32CubeIDE_1.19.0/STM32CubeIDE/plugins/com.st.stm32cube.ide.mcu.externaltools.gnu-tools-for-stm32.13.3.rel1.win32_1.0.0.202411081344/tools/bin/../lib/gcc/arm-none-eabi/13.3.1/../../../../arm-none-eabi/lib/thumb/v7e-m+dp/hard\libc_nano.a(libc_a-findfp.o) (_fwalk_sglue)
C:/ST/STM32CubeIDE_1.19.0/STM32CubeIDE/plugins/com.st.stm32cube.ide.mcu.externaltools.gnu-tools-for-stm32.13.3.rel1.win32_1.0.0.202411081344/tools/bin/../lib/gcc/arm-none-eabi/13.3.1/../../../../arm-none-eabi/lib/thumb/v7e-m+dp/hard\libc_nano.a(libc_a-sprintf.o)
                              ./Core/Src/main.o (sprintf)
C:/ST/STM32CubeIDE_1.19.0/STM32CubeIDE/plugins/com.st.stm32cube.ide.mcu.externaltools.gnu-tools-for-stm32.13.3.rel1.win32_1.0.0.202411081344/tools/bin/../lib/gcc/arm-none-eabi/13.3.1/../../../../arm-none-eabi/lib/thumb/v7e-m+dp/hard\libc_nano.a(libc_a-stdio.o)
                              C:/ST/STM32CubeIDE_1.19.0/STM32CubeIDE/plugins/com.st.stm32cube.ide.mcu.externaltools.gnu-tools-for-stm32.13.3.rel1.win32_1.0.0.202411081344/tools/bin/../lib/gcc/arm-none-eabi/13.3.1/../../../../arm-none-eabi/lib/thumb/v7e-m+dp/hard\libc_nano.a(libc_a-findfp.o) (__sread)
C:/ST/STM32CubeIDE_1.19.0/STM32CubeIDE/plugins/com.st.stm32cube.ide.mcu.externaltools.gnu-tools-for-stm32.13.3.rel1.win32_1.0.0.202411081344/tools/bin/../lib/gcc/arm-none-eabi/13.3.1/../../../../arm-none-eabi/lib/thumb/v7e-m+dp/hard\libc_nano.a(libc_a-memset.o)
                              C:/ST/STM32CubeIDE_1.19.0/STM32CubeIDE/plugins/com.st.stm32cube.ide.mcu.externaltools.gnu-tools-for-stm32.13.3.rel1.win32_1.0.0.202411081344/tools/bin/../lib/gcc/arm-none-eabi/13.3.1/../../../../arm-none-eabi/lib/thumb/v7e-m+dp/hard/crt0.o (memset)
C:/ST/STM32CubeIDE_1.19.0/STM32CubeIDE/plugins/com.st.stm32cube.ide.mcu.externaltools.gnu-tools-for-stm32.13.3.rel1.win32_1.0.0.202411081344/tools/bin/../lib/gcc/arm-none-eabi/13.3.1/../../../../arm-none-eabi/lib/thumb/v7e-m+dp/hard\libc_nano.a(libc_a-closer.o)
                              C:/ST/STM32CubeIDE_1.19.0/STM32CubeIDE/plugins/com.st.stm32cube.ide.mcu.externaltools.gnu-tools-for-stm32.13.3.rel1.win32_1.0.0.202411081344/tools/bin/../lib/gcc/arm-none-eabi/13.3.1/../../../../arm-none-eabi/lib/thumb/v7e-m+dp/hard\libc_nano.a(libc_a-stdio.o) (_close_r)
C:/ST/STM32CubeIDE_1.19.0/STM32CubeIDE/plugins/com.st.stm32cube.ide.mcu.externaltools.gnu-tools-for-stm32.13.3.rel1.win32_1.0.0.202411081344/tools/bin/../lib/gcc/arm-none-eabi/13.3.1/../../../../arm-none-eabi/lib/thumb/v7e-m+dp/hard\libc_nano.a(libc_a-reent.o)
                              C:/ST/STM32CubeIDE_1.19.0/STM32CubeIDE/plugins/com.st.stm32cube.ide.mcu.externaltools.gnu-tools-for-stm32.13.3.rel1.win32_1.0.0.202411081344/tools/bin/../lib/gcc/arm-none-eabi/13.3.1/../../../../arm-none-eabi/lib/thumb/v7e-m+dp/hard\libc_nano.a(libc_a-closer.o) (errno)
C:/ST/STM32CubeIDE_1.19.0/STM32CubeIDE/plugins/com.st.stm32cube.ide.mcu.externaltools.gnu-tools-for-stm32.13.3.rel1.win32_1.0.0.202411081344/tools/bin/../lib/gcc/arm-none-eabi/13.3.1/../../../../arm-none-eabi/lib/thumb/v7e-m+dp/hard\libc_nano.a(libc_a-impure.o)
                              C:/ST/STM32CubeIDE_1.19.0/STM32CubeIDE/plugins/com.st.stm32cube.ide.mcu.externaltools.gnu-tools-for-stm32.13.3.rel1.win32_1.0.0.202411081344/tools/bin/../lib/gcc/arm-none-eabi/13.3.1/../../../../arm-none-eabi/lib/thumb/v7e-m+dp/hard\libc_nano.a(libc_a-sprintf.o) (_impure_ptr)
[...]
Memory Configuration

Name             Origin             Length             Attributes
RAM              0x20000000         0x00080000         xrw
FLASH            0x08000000         0x00200000         xr
*default*        0x00000000         0xffffffff

Linker script and memory map

LOAD C:/ST/STM32CubeIDE_1.19.0/STM32CubeIDE/plugins/com.st.stm32cube.ide.mcu.externaltools.gnu-tools-for-stm32.13.3.rel1.win32_1.0.0.202411081344/tools/bin/../lib/gcc/arm-none-eabi/13.3.1/thumb/v7e-m+dp/hard/crti.o
LOAD C:/ST/STM32CubeIDE_1.19.0/STM32CubeIDE/plugins/com.st.stm32cube.ide.mcu.externaltools.gnu-tools-for-stm32.13.3.rel1.win32_1.0.0.202411081344/tools/bin/../lib/gcc/arm-none-eabi/13.3.1/thumb/v7e-m+dp/hard/crtbegin.o
LOAD C:/ST/STM32CubeIDE_1.19.0/STM32CubeIDE/plugins/com.st.stm32cube.ide.mcu.externaltools.gnu-tools-for-stm32.13.3.rel1.win32_1.0.0.202411081344/tools/bin/../lib/gcc/arm-none-eabi/13.3.1/../../../../arm-none-eabi/lib/thumb/v7e-m+dp/hard/crt0.o
LOAD ./Core/Src/main.o
LOAD ./Core/Src/stm32f7xx_hal_msp.o
LOAD ./Core/Src/stm32f7xx_it.o
LOAD ./Core/Src/syscalls.o
LOAD ./Core/Src/sysmem.o
LOAD ./Core/Src/system_stm32f7xx.o
LOAD ./Core/Startup/startup_stm32f767zitx.o
LOAD ./Drivers/STM32F7xx_HAL_Driver/Src/stm32f7xx_hal.o
LOAD ./Drivers/STM32F7xx_HAL_Driver/Src/stm32f7xx_hal_cortex.o
LOAD ./Drivers/STM32F7xx_HAL_Driver/Src/stm32f7xx_hal_dma.o
LOAD ./Drivers/STM32F7xx_HAL_Driver/Src/stm32f7xx_hal_dma_ex.o
LOAD ./Drivers/STM32F7xx_HAL_Driver/Src/stm32f7xx_hal_eth.o
LOAD ./Drivers/STM32F7xx_HAL_Driver/Src/stm32f7xx_hal_exti.o
LOAD ./Drivers/STM32F7xx_HAL_Driver/Src/stm32f7xx_hal_flash.o
LOAD ./Drivers/STM32F7xx_HAL_Driver/Src/stm32f7xx_hal_flash_ex.o
LOAD ./Drivers/STM32F7xx_HAL_Driver/Src/stm32f7xx_hal_gpio.o
LOAD ./Drivers/STM32F7xx_HAL_Driver/Src/stm32f7xx_hal_i2c.o
LOAD ./Drivers/STM32F7xx_HAL_Driver/Src/stm32f7xx_hal_i2c_ex.o
LOAD ./Drivers/STM32F7xx_HAL_Driver/Src/stm32f7xx_hal_pcd.o
LOAD ./Drivers/STM32F7xx_HAL_Driver/Src/stm32f7xx_hal_pcd_ex.o
LOAD ./Drivers/STM32F7xx_HAL_Driver/Src/stm32f7xx_hal_pwr.o
LOAD ./Drivers/STM32F7xx_HAL_Driver/Src/stm32f7xx_hal_pwr_ex.o
LOAD ./Drivers/STM32F7xx_HAL_Driver/Src/stm32f7xx_hal_rcc.o
LOAD ./Drivers/STM32F7xx_HAL_Driver/Src/stm32f7xx_hal_rcc_ex.o
LOAD ./Drivers/STM32F7xx_HAL_Driver/Src/stm32f7xx_hal_uart.o
LOAD ./Drivers/STM32F7xx_HAL_Driver/Src/stm32f7xx_hal_uart_ex.o
LOAD ./Drivers/STM32F7xx_HAL_Driver/Src/stm32f7xx_ll_usb.o
START GROUP
LOAD C:/ST/STM32CubeIDE_1.19.0/STM32CubeIDE/plugins/com.st.stm32cube.ide.mcu.externaltools.gnu-tools-for-stm32.13.3.rel1.win32_1.0.0.202411081344/tools/bin/../lib/gcc/arm-none-eabi/13.3.1/../../../../arm-none-eabi/lib/thumb/v7e-m+dp/hard\libc_nano.a
LOAD C:/ST/STM32CubeIDE_1.19.0/STM32CubeIDE/plugins/com.st.stm32cube.ide.mcu.externaltools.gnu-tools-for-stm32.13.3.rel1.win32_1.0.0.202411081344/tools/bin/../lib/gcc/arm-none-eabi/13.3.1/../../../../arm-none-eabi/lib/thumb/v7e-m+dp/hard\libm.a
END GROUP
START GROUP
LOAD C:/ST/STM32CubeIDE_1.19.0/STM32CubeIDE/plugins/com.st.stm32cube.ide.mcu.externaltools.gnu-tools-for-stm32.13.3.rel1.win32_1.0.0.202411081344/tools/bin/../lib/gcc/arm-none-eabi/13.3.1/thumb/v7e-m+dp/hard\libgcc.a
LOAD C:/ST/STM32CubeIDE_1.19.0/STM32CubeIDE/plugins/com.st.stm32cube.ide.mcu.externaltools.gnu-tools-for-stm32.13.3.rel1.win32_1.0.0.202411081344/tools/bin/../lib/gcc/arm-none-eabi/13.3.1/../../../../arm-none-eabi/lib/thumb/v7e-m+dp/hard\libc_nano.a
END GROUP
START GROUP
LOAD C:/ST/STM32CubeIDE_1.19.0/STM32CubeIDE/plugins/com.st.stm32cube.ide.mcu.externaltools.gnu-tools-for-stm32.13.3.rel1.win32_1.0.0.202411081344/tools/bin/../lib/gcc/arm-none-eabi/13.3.1/thumb/v7e-m+dp/hard\libgcc.a
LOAD C:/ST/STM32CubeIDE_1.19.0/STM32CubeIDE/plugins/com.st.stm32cube.ide.mcu.externaltools.gnu-tools-for-stm32.13.3.rel1.win32_1.0.0.202411081344/tools/bin/../lib/gcc/arm-none-eabi/13.3.1/../../../../arm-none-eabi/lib/thumb/v7e-m+dp/hard\libc_nano.a
LOAD C:/ST/STM32CubeIDE_1.19.0/STM32CubeIDE/plugins/com.st.stm32cube.ide.mcu.externaltools.gnu-tools-for-stm32.13.3.rel1.win32_1.0.0.202411081344/tools/bin/../lib/gcc/arm-none-eabi/13.3.1/../../../../arm-none-eabi/lib/thumb/v7e-m+dp/hard\libnosys.a
END GROUP
START GROUP
LOAD C:/ST/STM32CubeIDE_1.19.0/STM32CubeIDE/plugins/com.st.stm32cube.ide.mcu.externaltools.gnu-tools-for-stm32.13.3.rel1.win32_1.0.0.202411081344/tools/bin/../lib/gcc/arm-none-eabi/13.3.1/thumb/v7e-m+dp/hard\libgcc.a
LOAD C:/ST/STM32CubeIDE_1.19.0/STM32CubeIDE/plugins/com.st.stm32cube.ide.mcu.externaltools.gnu-tools-for-stm32.13.3.rel1.win32_1.0.0.202411081344/tools/bin/../lib/gcc/arm-none-eabi/13.3.1/../../../../arm-none-eabi/lib/thumb/v7e-m+dp/hard\libc_nano.a
LOAD C:/ST/STM32CubeIDE_1.19.0/STM32CubeIDE/plugins/com.st.stm32cube.ide.mcu.externaltools.gnu-tools-for-stm32.13.3.rel1.win32_1.0.0.202411081344/tools/bin/../lib/gcc/arm-none-eabi/13.3.1/../../../../arm-none-eabi/lib/thumb/v7e-m+dp/hard\libnosys.a
END GROUP
LOAD C:/ST/STM32CubeIDE_1.19.0/STM32CubeIDE/plugins/com.st.stm32cube.ide.mcu.externaltools.gnu-tools-for-stm32.13.3.rel1.win32_1.0.0.202411081344/tools/bin/../lib/gcc/arm-none-eabi/13.3.1/thumb/v7e-m+dp/hard/crtend.o
LOAD C:/ST/STM32CubeIDE_1.19.0/STM32CubeIDE/plugins/com.st.stm32cube.ide.mcu.externaltools.gnu-tools-for-stm32.13.3.rel1.win32_1.0.0.202411081344/tools/bin/../lib/gcc/arm-none-eabi/13.3.1/thumb/v7e-m+dp/hard/crtn.o
                0x20080000                        _estack = (ORIGIN (RAM) + LENGTH (RAM))
                0x00000200                        _Min_Heap_Size = 0x200
                0x00000400                        _Min_Stack_Size = 0x400

.isr_vector     0x08000000      0x1f8
                0x08000000                        . = ALIGN (0x4)
 *(.isr_vector)
 .isr_vector    0x08000000      0x1f8 ./Core/Startup/startup_stm32f767zitx.o
                0x08000000                g_pfnVectors
                0x080001f8                        . = ALIGN (0x4)

.text           0x08000200     0x4b70
                0x08000200                        . = ALIGN (0x4)
 *(.text)
 .text          0x08000200       0x40 C:/ST/STM32CubeIDE_1.19.0/STM32CubeIDE/plugins/com.st.stm32cube.ide.mcu.externaltools.gnu-tools-for-stm32.13.3.rel1.win32_1.0.0.202411081344/tools/bin/../lib/gcc/arm-none-eabi/13.3.1/thumb/v7e-m+dp/hard/crtbegin.o
 .text          0x08000240       0xa0 C:/ST/STM32CubeIDE_1.19.0/STM32CubeIDE/plugins/com.st.stm32cube.ide.mcu.externaltools.gnu-tools-for-stm32.13.3.rel1.win32_1.0.0.202411081344/tools/bin/../lib/gcc/arm-none-eabi/13.3.1/../../../../arm-none-eabi/lib/thumb/v7e-m+dp/hard\libc_nano.a(libc_a-memchr.o)
                0x08000240                memchr
 .text          0x080002e0       0x30 C:/ST/STM32CubeIDE_1.19.0/STM32CubeIDE/plugins/com.st.stm32cube.ide.mcu.externaltools.gnu-tools-for-stm32.13.3.rel1.win32_1.0.0.202411081344/tools/bin/../lib/gcc/arm-none-eabi/13.3.1/thumb/v7e-m+dp/hard\libgcc.a(_aeabi_uldivmod.o)
                0x080002e0                __aeabi_uldivmod
 .text          0x08000310      0x2f8 C:/ST/STM32CubeIDE_1.19.0/STM32CubeIDE/plugins/com.st.stm32cube.ide.mcu.externaltools.gnu-tools-for-stm32.13.3.rel1.win32_1.0.0.202411081344/tools/bin/../lib/gcc/arm-none-eabi/13.3.1/thumb/v7e-m+dp/hard\libgcc.a(_udivmoddi4.o)
                0x08000310                __udivmoddi4
 .text          0x08000608        0x4 C:/ST/STM32CubeIDE_1.19.0/STM32CubeIDE/plugins/com.st.stm32cube.ide.mcu.externaltools.gnu-tools-for-stm32.13.3.rel1.win32_1.0.0.202411081344/tools/bin/../lib/gcc/arm-none-eabi/13.3.1/thumb/v7e-m+dp/hard\libgcc.a(_dvmd_tls.o)
                0x08000608                __aeabi_idiv0
                0x08000608                __aeabi_ldiv0
 *(.text*)
 .text.PrintOutputBuffer.1
                0x0800060c       0x50 ./Core/Src/main.o
 .text.main     0x0800065c       0x98 ./Core/Src/main.o
                0x0800065c                main
 .text.GetUserInput.0
                0x080006f4       0x38 ./Core/Src/main.o
 .text.SystemClock_Config
                0x0800072c       0xe4 ./Core/Src/main.o
                0x0800072c                SystemClock_Config
 .text.MX_ETH_Init
                0x08000810       0x9c ./Core/Src/main.o
 .text.MX_USART2_UART_Init
                0x080008ac       0x60 ./Core/Src/main.o
 .text.MX_USB_OTG_FS_PCD_Init
                0x0800090c       0x5c ./Core/Src/main.o
 .text.MX_GPIO_Init
                0x08000968      0x168 ./Core/Src/main.o
 .text.Error_Handler
                0x08000ad0        0xc ./Core/Src/main.o
                0x08000ad0                Error_Handler
 .text.HAL_MspInit
                0x08000adc       0x48 ./Core/Src/stm32f7xx_hal_msp.o
                0x08000adc                HAL_MspInit
 .text.HAL_ETH_MspInit
                0x08000b24      0x170 ./Core/Src/stm32f7xx_hal_msp.o
                0x08000b24                HAL_ETH_MspInit
 .text.HAL_UART_MspInit
                0x08000c94      0x100 ./Core/Src/stm32f7xx_hal_msp.o
                0x08000c94                HAL_UART_MspInit
 .text.HAL_PCD_MspInit
                0x08000d94       0xf4 ./Core/Src/stm32f7xx_hal_msp.o
                0x08000d94                HAL_PCD_MspInit
 .text.NMI_Handler
                0x08000e88        0x8 ./Core/Src/stm32f7xx_it.o
                0x08000e88                NMI_Handler
 .text.HardFault_Handler
                0x08000e90        0x8 ./Core/Src/stm32f7xx_it.o
                0x08000e90                HardFault_Handler
 .text.MemManage_Handler
                0x08000e98        0x8 ./Core/Src/stm32f7xx_it.o
                0x08000e98                MemManage_Handler
 .text.BusFault_Handler
                0x08000ea0        0x8 ./Core/Src/stm32f7xx_it.o
                0x08000ea0                BusFault_Handler
 .text.UsageFault_Handler
                0x08000ea8        0x8 ./Core/Src/stm32f7xx_it.o
                0x08000ea8                UsageFault_Handler
 .text.SVC_Handler
                0x08000eb0        0xe ./Core/Src/stm32f7xx_it.o
                0x08000eb0                SVC_Handler
 .text.DebugMon_Handler
                0x08000ebe        0xe ./Core/Src/stm32f7xx_it.o
                0x08000ebe                DebugMon_Handler
 .text.PendSV_Handler
                0x08000ecc        0xe ./Core/Src/stm32f7xx_it.o
                0x08000ecc                PendSV_Handler
 .text.SysTick_Handler
                0x08000eda        0xc ./Core/Src/stm32f7xx_it.o
                0x08000eda                SysTick_Handler
 *fill*         0x08000ee6        0x2 
 .text._sbrk    0x08000ee8       0x6c ./Core/Src/sysmem.o
                0x08000ee8                _sbrk
 .text.SystemInit
                0x08000f54       0x24 ./Core/Src/system_stm32f7xx.o
                0x08000f54                SystemInit
 .text.Reset_Handler
                0x08000f78       0x50 ./Core/Startup/startup_stm32f767zitx.o
                0x08000f78                Reset_Handler
 .text.Default_Handler
                0x08000fc8        0x2 ./Core/Startup/startup_stm32f767zitx.o
                0x08000fc8                RTC_Alarm_IRQHandler
                0x08000fc8                EXTI2_IRQHandler
                0x08000fc8                TIM8_CC_IRQHandler
                0x08000fc8                UART8_IRQHandler
                0x08000fc8                SPI4_IRQHandler
                0x08000fc8                TIM1_CC_IRQHandler
                0x08000fc8                DMA2_Stream5_IRQHandler
                0x08000fc8                JPEG_IRQHandler
                0x08000fc8                DMA1_Stream5_IRQHandler
                0x08000fc8                CAN3_RX1_IRQHandler
                0x08000fc8                PVD_IRQHandler
                0x08000fc8                TAMP_STAMP_IRQHandler
                0x08000fc8                CAN2_RX1_IRQHandler
                0x08000fc8                EXTI3_IRQHandler
                0x08000fc8                TIM8_TRG_COM_TIM14_IRQHandler
                0x08000fc8                DFSDM1_FLT1_IRQHandler
                0x08000fc8                TIM1_UP_TIM10_IRQHandler
                0x08000fc8                TIM8_UP_TIM13_IRQHandler
                0x08000fc8                I2C3_ER_IRQHandler
                0x08000fc8                DFSDM1_FLT2_IRQHandler
                0x08000fc8                EXTI0_IRQHandler
                0x08000fc8                I2C2_EV_IRQHandler
                0x08000fc8                DMA1_Stream2_IRQHandler
                0x08000fc8                CAN1_RX0_IRQHandler
                0x08000fc8                FPU_IRQHandler
                0x08000fc8                OTG_HS_WKUP_IRQHandler
                0x08000fc8                CAN3_SCE_IRQHandler
                0x08000fc8                LTDC_ER_IRQHandler
                0x08000fc8                CAN2_SCE_IRQHandler
                0x08000fc8                DMA2_Stream2_IRQHandler
                0x08000fc8                SPI1_IRQHandler
                0x08000fc8                TIM6_DAC_IRQHandler
                0x08000fc8                TIM1_BRK_TIM9_IRQHandler
                0x08000fc8                DCMI_IRQHandler
                0x08000fc8                CAN2_RX0_IRQHandler
                0x08000fc8                DMA2_Stream3_IRQHandler
                0x08000fc8                SAI2_IRQHandler
                0x08000fc8                DFSDM1_FLT3_IRQHandler
                0x08000fc8                USART6_IRQHandler
                0x08000fc8                CAN3_RX0_IRQHandler
                0x08000fc8                USART3_IRQHandler
                0x08000fc8                CAN1_RX1_IRQHandler
                0x08000fc8                UART5_IRQHandler
                0x08000fc8                DMA2_Stream0_IRQHandler
                0x08000fc8                TIM4_IRQHandler
                0x08000fc8                QUADSPI_IRQHandler
                0x08000fc8                I2C1_EV_IRQHandler
                0x08000fc8                DMA1_Stream6_IRQHandler
                0x08000fc8                DMA1_Stream1_IRQHandler
                0x08000fc8                UART4_IRQHandler
                0x08000fc8                TIM3_IRQHandler
                0x08000fc8                RCC_IRQHandler
                0x08000fc8                TIM8_BRK_TIM12_IRQHandler
                0x08000fc8                Default_Handler
                0x08000fc8                CEC_IRQHandler
                0x08000fc8                EXTI15_10_IRQHandler
                0x08000fc8                ADC_IRQHandler
                0x08000fc8                DMA1_Stream7_IRQHandler
                0x08000fc8                SPI5_IRQHandler
                0x08000fc8                TIM7_IRQHandler
                0x08000fc8                SDMMC1_IRQHandler
                0x08000fc8                CAN2_TX_IRQHandler
                0x08000fc8                TIM5_IRQHandler
                0x08000fc8                DMA2_Stream7_IRQHandler
                0x08000fc8                I2C3_EV_IRQHandler
                0x08000fc8                EXTI9_5_IRQHandler
                0x08000fc8                RTC_WKUP_IRQHandler
                0x08000fc8                LTDC_IRQHandler
                0x08000fc8                ETH_WKUP_IRQHandler
                0x08000fc8                SPDIF_RX_IRQHandler
                0x08000fc8                SPI2_IRQHandler
                0x08000fc8                OTG_HS_EP1_IN_IRQHandler
                0x08000fc8                DMA1_Stream0_IRQHandler
                0x08000fc8                CAN1_TX_IRQHandler
                0x08000fc8                EXTI4_IRQHandler
                0x08000fc8                RNG_IRQHandler
                0x08000fc8                ETH_IRQHandler
                0x08000fc8                OTG_HS_EP1_OUT_IRQHandler
                0x08000fc8                WWDG_IRQHandler
                0x08000fc8                SPI6_IRQHandler
                0x08000fc8                MDIOS_IRQHandler
                0x08000fc8                I2C4_EV_IRQHandler
                0x08000fc8                CAN3_TX_IRQHandler
                0x08000fc8                TIM2_IRQHandler
                0x08000fc8                OTG_FS_WKUP_IRQHandler
                0x08000fc8                TIM1_TRG_COM_TIM11_IRQHandler
                0x08000fc8                OTG_HS_IRQHandler
                0x08000fc8                DMA2D_IRQHandler
                0x08000fc8                EXTI1_IRQHandler
                0x08000fc8                SDMMC2_IRQHandler
                0x08000fc8                UART7_IRQHandler
                0x08000fc8                USART2_IRQHandler
                0x08000fc8                DFSDM1_FLT0_IRQHandler
                0x08000fc8                I2C2_ER_IRQHandler
                0x08000fc8                DMA2_Stream1_IRQHandler
                0x08000fc8                CAN1_SCE_IRQHandler
                0x08000fc8                FLASH_IRQHandler
                0x08000fc8                DMA2_Stream4_IRQHandler
                0x08000fc8                USART1_IRQHandler
                0x08000fc8                OTG_FS_IRQHandler
                0x08000fc8                SPI3_IRQHandler
                0x08000fc8                DMA1_Stream4_IRQHandler
                0x08000fc8                I2C1_ER_IRQHandler
                0x08000fc8                FMC_IRQHandler
                0x08000fc8                LPTIM1_IRQHandler
                0x08000fc8                I2C4_ER_IRQHandler
                0x08000fc8                DMA2_Stream6_IRQHandler
                0x08000fc8                SAI1_IRQHandler
                0x08000fc8                DMA1_Stream3_IRQHandler
 .text.HAL_Init
                0x08000fca       0x1a ./Drivers/STM32F7xx_HAL_Driver/Src/stm32f7xx_hal.o
                0x08000fca                HAL_Init
 .text.HAL_InitTick
                0x08000fe4       0x60 ./Drivers/STM32F7xx_HAL_Driver/Src/stm32f7xx_hal.o
                0x08000fe4                HAL_InitTick
 .text.HAL_IncTick
                0x08001044       0x28 ./Drivers/STM32F7xx_HAL_Driver/Src/stm32f7xx_hal.o
                0x08001044                HAL_IncTick
 .text.HAL_GetTick
                0x0800106c       0x18 ./Drivers/STM32F7xx_HAL_Driver/Src/stm32f7xx_hal.o
                0x0800106c                HAL_GetTick
 .text.HAL_Delay
                0x08001084       0x48 ./Drivers/STM32F7xx_HAL_Driver/Src/stm32f7xx_hal.o
                0x08001084                HAL_Delay
 .text.__NVIC_SetPriorityGrouping
                0x080010cc       0x48 ./Drivers/STM32F7xx_HAL_Driver/Src/stm32f7xx_hal_cortex.o
 .text.__NVIC_GetPriorityGrouping
                0x08001114       0x1c ./Drivers/STM32F7xx_HAL_Driver/Src/stm32f7xx_hal_cortex.o
 .text.__NVIC_SetPriority
                0x08001130       0x54 ./Drivers/STM32F7xx_HAL_Driver/Src/stm32f7xx_hal_cortex.o
 .text.NVIC_EncodePriority
                0x08001184       0x66 ./Drivers/STM32F7xx_HAL_Driver/Src/stm32f7xx_hal_cortex.o
 *fill*         0x080011ea        0x2 
 .text.SysTick_Config
                0x080011ec       0x44 ./Drivers/STM32F7xx_HAL_Driver/Src/stm32f7xx_hal_cortex.o
 .text.HAL_NVIC_SetPriorityGrouping
                0x08001230       0x16 ./Drivers/STM32F7xx_HAL_Driver/Src/stm32f7xx_hal_cortex.o
                0x08001230                HAL_NVIC_SetPriorityGrouping
 .text.HAL_NVIC_SetPriority
                0x08001246       0x38 ./Drivers/STM32F7xx_HAL_Driver/Src/stm32f7xx_hal_cortex.o
                0x08001246                HAL_NVIC_SetPriority
 .text.HAL_SYSTICK_Config
                0x0800127e       0x18 ./Drivers/STM32F7xx_HAL_Driver/Src/stm32f7xx_hal_cortex.o
                0x0800127e                HAL_SYSTICK_Config
 *fill*         0x08001296        0x2 
 .text.HAL_ETH_Init
                0x08001298      0x134 ./Drivers/STM32F7xx_HAL_Driver/Src/stm32f7xx_hal_eth.o
                0x08001298                HAL_ETH_Init
 .text.ETH_SetMACConfig
                0x080013cc      0x168 ./Drivers/STM32F7xx_HAL_Driver/Src/stm32f7xx_hal_eth.o
 .text.ETH_SetDMAConfig
                0x08001534      0x114 ./Drivers/STM32F7xx_HAL_Driver/Src/stm32f7xx_hal_eth.o
 .text.ETH_MACDMAConfig
                0x08001648       0xea ./Drivers/STM32F7xx_HAL_Driver/Src/stm32f7xx_hal_eth.o
 *fill*         0x08001732        0x2 
 .text.ETH_MACAddressConfig
                0x08001734       0x70 ./Drivers/STM32F7xx_HAL_Driver/Src/stm32f7xx_hal_eth.o
 .text.ETH_DMATxDescListInit
                0x080017a4       0xb2 ./Drivers/STM32F7xx_HAL_Driver/Src/stm32f7xx_hal_eth.o
 .text.ETH_DMARxDescListInit
                0x08001856       0xde ./Drivers/STM32F7xx_HAL_Driver/Src/stm32f7xx_hal_eth.o
 .text.HAL_GPIO_Init
                0x08001934      0x358 ./Drivers/STM32F7xx_HAL_Driver/Src/stm32f7xx_hal_gpio.o
                0x08001934                HAL_GPIO_Init
 .text.HAL_GPIO_WritePin
                0x08001c8c       0x32 ./Drivers/STM32F7xx_HAL_Driver/Src/stm32f7xx_hal_gpio.o
                0x08001c8c                HAL_GPIO_WritePin
 .text.HAL_PCD_Init
                0x08001cbe      0x22c ./Drivers/STM32F7xx_HAL_Driver/Src/stm32f7xx_hal_pcd.o
                0x08001cbe                HAL_PCD_Init
 *fill*         0x08001eea        0x2 
 .text.HAL_PCDEx_ActivateLPM
                0x08001eec       0x48 ./Drivers/STM32F7xx_HAL_Driver/Src/stm32f7xx_hal_pcd_ex.o
                0x08001eec                HAL_PCDEx_ActivateLPM
 .text.HAL_PWR_EnableBkUpAccess
                0x08001f34       0x20 ./Drivers/STM32F7xx_HAL_Driver/Src/stm32f7xx_hal_pwr.o
                0x08001f34                HAL_PWR_EnableBkUpAccess
 .text.HAL_PWREx_EnableOverDrive
                0x08001f54       0xa0 ./Drivers/STM32F7xx_HAL_Driver/Src/stm32f7xx_hal_pwr_ex.o
                0x08001f54                HAL_PWREx_EnableOverDrive
 .text.HAL_RCC_OscConfig
                0x08001ff4      0x55c ./Drivers/STM32F7xx_HAL_Driver/Src/stm32f7xx_hal_rcc.o
                0x08001ff4                HAL_RCC_OscConfig
 .text.HAL_RCC_ClockConfig
                0x08002550      0x1d8 ./Drivers/STM32F7xx_HAL_Driver/Src/stm32f7xx_hal_rcc.o
                0x08002550                HAL_RCC_ClockConfig
 .text.HAL_RCC_GetSysClockFreq
                0x08002728      0x20c ./Drivers/STM32F7xx_HAL_Driver/Src/stm32f7xx_hal_rcc.o
                0x08002728                HAL_RCC_GetSysClockFreq
 .text.HAL_RCC_GetHCLKFreq
                0x08002934       0x18 ./Drivers/STM32F7xx_HAL_Driver/Src/stm32f7xx_hal_rcc.o
                0x08002934                HAL_RCC_GetHCLKFreq
 .text.HAL_RCC_GetPCLK1Freq
                0x0800294c       0x28 ./Drivers/STM32F7xx_HAL_Driver/Src/stm32f7xx_hal_rcc.o
                0x0800294c                HAL_RCC_GetPCLK1Freq
 .text.HAL_RCC_GetPCLK2Freq
                0x08002974       0x28 ./Drivers/STM32F7xx_HAL_Driver/Src/stm32f7xx_hal_rcc.o
                0x08002974                HAL_RCC_GetPCLK2Freq
 .text.HAL_RCCEx_PeriphCLKConfig
                0x0800299c      0x850 ./Drivers/STM32F7xx_HAL_Driver/Src/stm32f7xx_hal_rcc_ex.o
                0x0800299c                HAL_RCCEx_PeriphCLKConfig
 .text.HAL_UART_Init
                0x080031ec       0x9c ./Drivers/STM32F7xx_HAL_Driver/Src/stm32f7xx_hal_uart.o
                0x080031ec                HAL_UART_Init
 .text.HAL_UART_Transmit
                0x08003288      0x112 ./Drivers/STM32F7xx_HAL_Driver/Src/stm32f7xx_hal_uart.o
                0x08003288                HAL_UART_Transmit
 .text.HAL_UART_Receive
                0x0800339a      0x190 ./Drivers/STM32F7xx_HAL_Driver/Src/stm32f7xx_hal_uart.o
                0x0800339a                HAL_UART_Receive
 *fill*         0x0800352a        0x2 
 .text.UART_SetConfig
                0x0800352c      0x4c8 ./Drivers/STM32F7xx_HAL_Driver/Src/stm32f7xx_hal_uart.o
                0x0800352c                UART_SetConfig
 .text.UART_AdvFeatureConfig
                0x080039f4      0x144 ./Drivers/STM32F7xx_HAL_Driver/Src/stm32f7xx_hal_uart.o
                0x080039f4                UART_AdvFeatureConfig
 .text.UART_CheckIdleState
                0x08003b38      0x150 ./Drivers/STM32F7xx_HAL_Driver/Src/stm32f7xx_hal_uart.o
                0x08003b38                UART_CheckIdleState
 .text.UART_WaitOnFlagUntilTimeout
                0x08003c88       0xda ./Drivers/STM32F7xx_HAL_Driver/Src/stm32f7xx_hal_uart.o
                0x08003c88                UART_WaitOnFlagUntilTimeout
 .text.UART_EndRxTransfer
                0x08003d62       0xc8 ./Drivers/STM32F7xx_HAL_Driver/Src/stm32f7xx_hal_uart.o
 *fill*         0x08003e2a        0x2 
 .text.USB_CoreInit
                0x08003e2c       0xb4 ./Drivers/STM32F7xx_HAL_Driver/Src/stm32f7xx_ll_usb.o
                0x08003e2c                USB_CoreInit
 .text.USB_DisableGlobalInt
                0x08003ee0       0x22 ./Drivers/STM32F7xx_HAL_Driver/Src/stm32f7xx_ll_usb.o
                0x08003ee0                USB_DisableGlobalInt
 .text.USB_SetCurrentMode
                0x08003f02       0x98 ./Drivers/STM32F7xx_HAL_Driver/Src/stm32f7xx_ll_usb.o
                0x08003f02                USB_SetCurrentMode
 *fill*         0x08003f9a        0x2 
 .text.USB_DevInit
                0x08003f9c      0x2bc ./Drivers/STM32F7xx_HAL_Driver/Src/stm32f7xx_ll_usb.o
                0x08003f9c                USB_DevInit
 .text.USB_FlushTxFifo
                0x08004258       0x64 ./Drivers/STM32F7xx_HAL_Driver/Src/stm32f7xx_ll_usb.o
                0x08004258                USB_FlushTxFifo
 .text.USB_FlushRxFifo
                0x080042bc       0x5c ./Drivers/STM32F7xx_HAL_Driver/Src/stm32f7xx_ll_usb.o
                0x080042bc                USB_FlushRxFifo
 .text.USB_SetDevSpeed
                0x08004318       0x32 ./Drivers/STM32F7xx_HAL_Driver/Src/stm32f7xx_ll_usb.o
                0x08004318                USB_SetDevSpeed
 .text.USB_DevDisconnect
                0x0800434a       0x42 ./Drivers/STM32F7xx_HAL_Driver/Src/stm32f7xx_ll_usb.o
                0x0800434a                USB_DevDisconnect
 .text.USB_GetMode
                0x0800438c       0x1c ./Drivers/STM32F7xx_HAL_Driver/Src/stm32f7xx_ll_usb.o
                0x0800438c                USB_GetMode
 .text.USB_CoreReset
                0x080043a8       0x70 ./Drivers/STM32F7xx_HAL_Driver/Src/stm32f7xx_ll_usb.o
 .text.sprintf  0x08004418       0x44 C:/ST/STM32CubeIDE_1.19.0/STM32CubeIDE/plugins/com.st.stm32cube.ide.mcu.externaltools.gnu-tools-for-stm32.13.3.rel1.win32_1.0.0.202411081344/tools/bin/../lib/gcc/arm-none-eabi/13.3.1/../../../../arm-none-eabi/lib/thumb/v7e-m+dp/hard\libc_nano.a(libc_a-sprintf.o)
                0x08004418                siprintf
                0x08004418                sprintf
 .text.memset   0x0800445c       0x10 C:/ST/STM32CubeIDE_1.19.0/STM32CubeIDE/plugins/com.st.stm32cube.ide.mcu.externaltools.gnu-tools-for-stm32.13.3.rel1.win32_1.0.0.202411081344/tools/bin/../lib/gcc/arm-none-eabi/13.3.1/../../../../arm-none-eabi/lib/thumb/v7e-m+dp/hard\libc_nano.a(libc_a-memset.o)
                0x0800445c                memset
 .text.__errno  0x0800446c        0xc C:/ST/STM32CubeIDE_1.19.0/STM32CubeIDE/plugins/com.st.stm32cube.ide.mcu.externaltools.gnu-tools-for-stm32.13.3.rel1.win32_1.0.0.202411081344/tools/bin/../lib/gcc/arm-none-eabi/13.3.1/../../../../arm-none-eabi/lib/thumb/v7e-m+dp/hard\libc_nano.a(libc_a-errno.o)
                0x0800446c                __errno
 .text.__libc_init_array
                0x08004478       0x48 C:/ST/STM32CubeIDE_1.19.0/STM32CubeIDE/plugins/com.st.stm32cube.ide.mcu.externaltools.gnu-tools-for-stm32.13.3.rel1.win32_1.0.0.202411081344/tools/bin/../lib/gcc/arm-none-eabi/13.3.1/../../../../arm-none-eabi/lib/thumb/v7e-m+dp/hard\libc_nano.a(libc_a-init.o)
                0x08004478                __libc_init_array
 .text.__retarget_lock_acquire_recursive
                0x080044c0        0x2 C:/ST/STM32CubeIDE_1.19.0/STM32CubeIDE/plugins/com.st.stm32cube.ide.mcu.externaltools.gnu-tools-for-stm32.13.3.rel1.win32_1.0.0.202411081344/tools/bin/../lib/gcc/arm-none-eabi/13.3.1/../../../../arm-none-eabi/lib/thumb/v7e-m+dp/hard\libc_nano.a(libc_a-lock.o)
                0x080044c0                __retarget_lock_acquire_recursive
 .text.__retarget_lock_release_recursive
                0x080044c2        0x2 C:/ST/STM32CubeIDE_1.19.0/STM32CubeIDE/plugins/com.st.stm32cube.ide.mcu.externaltools.gnu-tools-for-stm32.13.3.rel1.win32_1.0.0.202411081344/tools/bin/../lib/gcc/arm-none-eabi/13.3.1/../../../../arm-none-eabi/lib/thumb/v7e-m+dp/hard\libc_nano.a(libc_a-lock.o)
                0x080044c2                __retarget_lock_release_recursive
 .text._free_r  0x080044c4       0x94 C:/ST/STM32CubeIDE_1.19.0/STM32CubeIDE/plugins/com.st.stm32cube.ide.mcu.externaltools.gnu-tools-for-stm32.13.3.rel1.win32_1.0.0.202411081344/tools/bin/../lib/gcc/arm-none-eabi/13.3.1/../../../../arm-none-eabi/lib/thumb/v7e-m+dp/hard\libc_nano.a(libc_a-freer.o)
                0x080044c4                _free_r
 .text.sbrk_aligned
                0x08004558       0x44 C:/ST/STM32CubeIDE_1.19.0/STM32CubeIDE/plugins/com.st.stm32cube.ide.mcu.externaltools.gnu-tools-for-stm32.13.3.rel1.win32_1.0.0.202411081344/tools/bin/../lib/gcc/arm-none-eabi/13.3.1/../../../../arm-none-eabi/lib/thumb/v7e-m+dp/hard\libc_nano.a(libc_a-mallocr.o)
 .text._malloc_r
                0x0800459c      0x100 C:/ST/STM32CubeIDE_1.19.0/STM32CubeIDE/plugins/com.st.stm32cube.ide.mcu.externaltools.gnu-tools-for-stm32.13.3.rel1.win32_1.0.0.202411081344/tools/bin/../lib/gcc/arm-none-eabi/13.3.1/../../../../arm-none-eabi/lib/thumb/v7e-m+dp/hard\libc_nano.a(libc_a-mallocr.o)
                0x0800459c                _malloc_r
 .text.__malloc_lock
                0x0800469c        0xc C:/ST/STM32CubeIDE_1.19.0/STM32CubeIDE/plugins/com.st.stm32cube.ide.mcu.externaltools.gnu-tools-for-stm32.13.3.rel1.win32_1.0.0.202411081344/tools/bin/../lib/gcc/arm-none-eabi/13.3.1/../../../../arm-none-eabi/lib/thumb/v7e-m+dp/hard\libc_nano.a(libc_a-mlock.o)
                0x0800469c                __malloc_lock
 .text.__malloc_unlock
                0x080046a8        0xc C:/ST/STM32CubeIDE_1.19.0/STM32CubeIDE/plugins/com.st.stm32cube.ide.mcu.externaltools.gnu-tools-for-stm32.13.3.rel1.win32_1.0.0.202411081344/tools/bin/../lib/gcc/arm-none-eabi/13.3.1/../../../../arm-none-eabi/lib/thumb/v7e-m+dp/hard\libc_nano.a(libc_a-mlock.o)
                0x080046a8                __malloc_unlock
 .text.__ssputs_r
                0x080046b4       0xb6 C:/ST/STM32CubeIDE_1.19.0/STM32CubeIDE/plugins/com.st.stm32cube.ide.mcu.externaltools.gnu-tools-for-stm32.13.3.rel1.win32_1.0.0.202411081344/tools/bin/../lib/gcc/arm-none-eabi/13.3.1/../../../../arm-none-eabi/lib/thumb/v7e-m+dp/hard\libc_nano.a(libc_a-nano-svfprintf.o)
                0x080046b4                __ssputs_r
 *fill*         0x0800476a        0x2 
 .text._svfprintf_r
                0x0800476c      0x1f8 C:/ST/STM32CubeIDE_1.19.0/STM32CubeIDE/plugins/com.st.stm32cube.ide.mcu.externaltools.gnu-tools-for-stm32.13.3.rel1.win32_1.0.0.202411081344/tools/bin/../lib/gcc/arm-none-eabi/13.3.1/../../../../arm-none-eabi/lib/thumb/v7e-m+dp/hard\libc_nano.a(libc_a-nano-svfprintf.o)
                0x0800476c                _svfiprintf_r
                0x0800476c                _svfprintf_r
 .text._printf_common
                0x08004964       0xda C:/ST/STM32CubeIDE_1.19.0/STM32CubeIDE/plugins/com.st.stm32cube.ide.mcu.externaltools.gnu-tools-for-stm32.13.3.rel1.win32_1.0.0.202411081344/tools/bin/../lib/gcc/arm-none-eabi/13.3.1/../../../../arm-none-eabi/lib/thumb/v7e-m+dp/hard\libc_nano.a(libc_a-nano-vfprintf_i.o)
                0x08004964                _printf_common
 *fill*         0x08004a3e        0x2 
 .text._printf_i
                0x08004a40      0x23c C:/ST/STM32CubeIDE_1.19.0/STM32CubeIDE/plugins/com.st.stm32cube.ide.mcu.externaltools.gnu-tools-for-stm32.13.3.rel1.win32_1.0.0.202411081344/tools/bin/../lib/gcc/arm-none-eabi/13.3.1/../../../../arm-none-eabi/lib/thumb/v7e-m+dp/hard\libc_nano.a(libc_a-nano-vfprintf_i.o)
                0x08004a40                _printf_i
 .text.memmove  0x08004c7c       0x34 C:/ST/STM32CubeIDE_1.19.0/STM32CubeIDE/plugins/com.st.stm32cube.ide.mcu.externaltools.gnu-tools-for-stm32.13.3.rel1.win32_1.0.0.202411081344/tools/bin/../lib/gcc/arm-none-eabi/13.3.1/../../../../arm-none-eabi/lib/thumb/v7e-m+dp/hard\libc_nano.a(libc_a-memmove.o)
                0x08004c7c                memmove
 .text._sbrk_r  0x08004cb0       0x20 C:/ST/STM32CubeIDE_1.19.0/STM32CubeIDE/plugins/com.st.stm32cube.ide.mcu.externaltools.gnu-tools-for-stm32.13.3.rel1.win32_1.0.0.202411081344/tools/bin/../lib/gcc/arm-none-eabi/13.3.1/../../../../arm-none-eabi/lib/thumb/v7e-m+dp/hard\libc_nano.a(libc_a-sbrkr.o)
                0x08004cb0                _sbrk_r
 .text.memcpy   0x08004cd0       0x1c C:/ST/STM32CubeIDE_1.19.0/STM32CubeIDE/plugins/com.st.stm32cube.ide.mcu.externaltools.gnu-tools-for-stm32.13.3.rel1.win32_1.0.0.202411081344/tools/bin/../lib/gcc/arm-none-eabi/13.3.1/../../../../arm-none-eabi/lib/thumb/v7e-m+dp/hard\libc_nano.a(libc_a-memcpy-stub.o)
                0x08004cd0                memcpy
 .text._realloc_r
                0x08004cec       0x5c C:/ST/STM32CubeIDE_1.19.0/STM32CubeIDE/plugins/com.st.stm32cube.ide.mcu.externaltools.gnu-tools-for-stm32.13.3.rel1.win32_1.0.0.202411081344/tools/bin/../lib/gcc/arm-none-eabi/13.3.1/../../../../arm-none-eabi/lib/thumb/v7e-m+dp/hard\libc_nano.a(libc_a-reallocr.o)
                0x08004cec                _realloc_r
 .text._malloc_usable_size_r
                0x08004d48       0x10 C:/ST/STM32CubeIDE_1.19.0/STM32CubeIDE/plugins/com.st.stm32cube.ide.mcu.externaltools.gnu-tools-for-stm32.13.3.rel1.win32_1.0.0.202411081344/tools/bin/../lib/gcc/arm-none-eabi/13.3.1/../../../../arm-none-eabi/lib/thumb/v7e-m+dp/hard\libc_nano.a(libc_a-msizer.o)
                0x08004d48                _malloc_usable_size_r
 *(.glue_7)
 .glue_7        0x08004d58        0x0 linker stubs
 *(.glue_7t)
 .glue_7t       0x08004d58        0x0 linker stubs
 *(.eh_frame)
 .eh_frame      0x08004d58        0x0 C:/ST/STM32CubeIDE_1.19.0/STM32CubeIDE/plugins/com.st.stm32cube.ide.mcu.externaltools.gnu-tools-for-stm32.13.3.rel1.win32_1.0.0.202411081344/tools/bin/../lib/gcc/arm-none-eabi/13.3.1/thumb/v7e-m+dp/hard/crtbegin.o
 *(.init)
 .init          0x08004d58        0x4 C:/ST/STM32CubeIDE_1.19.0/STM32CubeIDE/plugins/com.st.stm32cube.ide.mcu.externaltools.gnu-tools-for-stm32.13.3.rel1.win32_1.0.0.202411081344/tools/bin/../lib/gcc/arm-none-eabi/13.3.1/thumb/v7e-m+dp/hard/crti.o
                0x08004d58                _init
 .init          0x08004d5c        0x8 C:/ST/STM32CubeIDE_1.19.0/STM32CubeIDE/plugins/com.st.stm32cube.ide.mcu.externaltools.gnu-tools-for-stm32.13.3.rel1.win32_1.0.0.202411081344/tools/bin/../lib/gcc/arm-none-eabi/13.3.1/thumb/v7e-m+dp/hard/crtn.o
 *(.fini)
 .fini          0x08004d64        0x4 C:/ST/STM32CubeIDE_1.19.0/STM32CubeIDE/plugins/com.st.stm32cube.ide.mcu.externaltools.gnu-tools-for-stm32.13.3.rel1.win32_1.0.0.202411081344/tools/bin/../lib/gcc/arm-none-eabi/13.3.1/thumb/v7e-m+dp/hard/crti.o
                0x08004d64                _fini
 .fini          0x08004d68        0x8 C:/ST/STM32CubeIDE_1.19.0/STM32CubeIDE/plugins/com.st.stm32cube.ide.mcu.externaltools.gnu-tools-for-stm32.13.3.rel1.win32_1.0.0.202411081344/tools/bin/../lib/gcc/arm-none-eabi/13.3.1/thumb/v7e-m+dp/hard/crtn.o
                0x08004d70                        . = ALIGN (0x4)
                0x08004d70                        _etext = .

.vfp11_veneer   0x08004d70        0x0
 .vfp11_veneer  0x08004d70        0x0 linker stubs

.v4_bx          0x08004d70        0x0
 .v4_bx         0x08004d70        0x0 linker stubs

.iplt           0x08004d70        0x0
 .iplt          0x08004d70        0x0 C:/ST/STM32CubeIDE_1.19.0/STM32CubeIDE/plugins/com.st.stm32cube.ide.mcu.externaltools.gnu-tools-for-stm32.13.3.rel1.win32_1.0.0.202411081344/tools/bin/../lib/gcc/arm-none-eabi/13.3.1/thumb/v7e-m+dp/hard/crtbegin.o

.rodata         0x08004d70       0x94
                0x08004d70                        . = ALIGN (0x4)
 *(.rodata)
 .rodata        0x08004d70       0x46 ./Core/Src/main.o
 *(.rodata*)
 *fill*         0x08004db6        0x2 
 .rodata.AHBPrescTable
                0x08004db8       0x10 ./Core/Src/system_stm32f7xx.o
                0x08004db8                AHBPrescTable
 .rodata.APBPrescTable
                0x08004dc8        0x8 ./Core/Src/system_stm32f7xx.o
                0x08004dc8                APBPrescTable
 .rodata._svfprintf_r.str1.1
                0x08004dd0       0x33 C:/ST/STM32CubeIDE_1.19.0/STM32CubeIDE/plugins/com.st.stm32cube.ide.mcu.externaltools.gnu-tools-for-stm32.13.3.rel1.win32_1.0.0.202411081344/tools/bin/../lib/gcc/arm-none-eabi/13.3.1/../../../../arm-none-eabi/lib/thumb/v7e-m+dp/hard\libc_nano.a(libc_a-nano-svfprintf.o)
                                 0x11 (size before relaxing)
 .rodata._printf_i.str1.1
                0x08004e03       0x22 C:/ST/STM32CubeIDE_1.19.0/STM32CubeIDE/plugins/com.st.stm32cube.ide.mcu.externaltools.gnu-tools-for-stm32.13.3.rel1.win32_1.0.0.202411081344/tools/bin/../lib/gcc/arm-none-eabi/13.3.1/../../../../arm-none-eabi/lib/thumb/v7e-m+dp/hard\libc_nano.a(libc_a-nano-vfprintf_i.o)
                0x08004e28                        . = ALIGN (0x4)
 *fill*         0x08004e03        0x1 

.ARM.extab      0x08004e04        0x0
                0x08004e04                        . = ALIGN (0x4)
 *(.ARM.extab* .gnu.linkonce.armextab.*)
                0x08004e04                        . = ALIGN (0x4)

.ARM            0x08004e04        0x8
                0x08004e04                        . = ALIGN (0x4)
                0x08004e04                        __exidx_start = .
 *(.ARM.exidx*)
 .ARM.exidx     0x08004e04        0x8 C:/ST/STM32CubeIDE_1.19.0/STM32CubeIDE/plugins/com.st.stm32cube.ide.mcu.externaltools.gnu-tools-for-stm32.13.3.rel1.win32_1.0.0.202411081344/tools/bin/../lib/gcc/arm-none-eabi/13.3.1/../../../../arm-none-eabi/lib/thumb/v7e-m+dp/hard\libc_nano.a(libc_a-memchr.o)
 .ARM.exidx     0x08004e0c        0x0 C:/ST/STM32CubeIDE_1.19.0/STM32CubeIDE/plugins/com.st.stm32cube.ide.mcu.externaltools.gnu-tools-for-stm32.13.3.rel1.win32_1.0.0.202411081344/tools/bin/../lib/gcc/arm-none-eabi/13.3.1/thumb/v7e-m+dp/hard\libgcc.a(_udivmoddi4.o)
                                  0x8 (size before relaxing)
                0x08004e0c                        __exidx_end = .
                0x08004e0c                        . = ALIGN (0x4)

.preinit_array  0x08004e0c        0x0
                0x08004e0c                        . = ALIGN (0x4)
                0x08004e0c                        PROVIDE (__preinit_array_start = .)
 *(.preinit_array*)
                0x08004e0c                        PROVIDE (__preinit_array_end = .)
                0x08004e0c                        . = ALIGN (0x4)

.init_array     0x08004e0c        0x4
                0x08004e0c                        . = ALIGN (0x4)
                0x08004e0c                        PROVIDE (__init_array_start = .)
 *(SORT_BY_NAME(.init_array.*))
 *(.init_array*)
 .init_array    0x08004e0c        0x4 C:/ST/STM32CubeIDE_1.19.0/STM32CubeIDE/plugins/com.st.stm32cube.ide.mcu.externaltools.gnu-tools-for-stm32.13.3.rel1.win32_1.0.0.202411081344/tools/bin/../lib/gcc/arm-none-eabi/13.3.1/thumb/v7e-m+dp/hard/crtbegin.o
                0x08004e10                        PROVIDE (__init_array_end = .)
                0x08004e10                        . = ALIGN (0x4)

.fini_array     0x08004e10        0x4
                0x08004e10                        . = ALIGN (0x4)
                [!provide]                        PROVIDE (__fini_array_start = .)
 *(SORT_BY_NAME(.fini_array.*))
 *(.fini_array*)
 .fini_array    0x08004e10        0x4 C:/ST/STM32CubeIDE_1.19.0/STM32CubeIDE/plugins/com.st.stm32cube.ide.mcu.externaltools.gnu-tools-for-stm32.13.3.rel1.win32_1.0.0.202411081344/tools/bin/../lib/gcc/arm-none-eabi/13.3.1/thumb/v7e-m+dp/hard/crtbegin.o
                [!provide]                        PROVIDE (__fini_array_end = .)
                0x08004e14                        . = ALIGN (0x4)
                0x08004e14                        _sidata = LOADADDR (.data)

.rel.dyn        0x08004e14        0x0
 .rel.iplt      0x08004e14        0x0 C:/ST/STM32CubeIDE_1.19.0/STM32CubeIDE/plugins/com.st.stm32cube.ide.mcu.externaltools.gnu-tools-for-stm32.13.3.rel1.win32_1.0.0.202411081344/tools/bin/../lib/gcc/arm-none-eabi/13.3.1/thumb/v7e-m+dp/hard/crtbegin.o

.data           0x20000000       0x5c load address 0x08004e14
                0x20000000                        . = ALIGN (0x4)
                0x20000000                        _sdata = .
 *(.data)
 *(.data*)
 .data.SystemCoreClock
                0x20000000        0x4 ./Core/Src/system_stm32f7xx.o
                0x20000000                SystemCoreClock
 .data.uwTickPrio
                0x20000004        0x4 ./Drivers/STM32F7xx_HAL_Driver/Src/stm32f7xx_hal.o
                0x20000004                uwTickPrio
 .data.uwTickFreq
                0x20000008        0x1 ./Drivers/STM32F7xx_HAL_Driver/Src/stm32f7xx_hal.o
                0x20000008                uwTickFreq
 *fill*         0x20000009        0x3 
 .data._impure_ptr
                0x2000000c        0x4 C:/ST/STM32CubeIDE_1.19.0/STM32CubeIDE/plugins/com.st.stm32cube.ide.mcu.externaltools.gnu-tools-for-stm32.13.3.rel1.win32_1.0.0.202411081344/tools/bin/../lib/gcc/arm-none-eabi/13.3.1/../../../../arm-none-eabi/lib/thumb/v7e-m+dp/hard\libc_nano.a(libc_a-impure.o)
                0x2000000c                _impure_ptr
 .data._impure_data
                0x20000010       0x4c C:/ST/STM32CubeIDE_1.19.0/STM32CubeIDE/plugins/com.st.stm32cube.ide.mcu.externaltools.gnu-tools-for-stm32.13.3.rel1.win32_1.0.0.202411081344/tools/bin/../lib/gcc/arm-none-eabi/13.3.1/../../../../arm-none-eabi/lib/thumb/v7e-m+dp/hard\libc_nano.a(libc_a-impure.o)
                0x20000010                _impure_data
 *(.RamFunc)
 *(.RamFunc*)
                0x2000005c                        . = ALIGN (0x4)
                0x2000005c                        _edata = .

.igot.plt       0x2000005c        0x0 load address 0x08004e70
 .igot.plt      0x2000005c        0x0 C:/ST/STM32CubeIDE_1.19.0/STM32CubeIDE/plugins/com.st.stm32cube.ide.mcu.externaltools.gnu-tools-for-stm32.13.3.rel1.win32_1.0.0.202411081344/tools/bin/../lib/gcc/arm-none-eabi/13.3.1/thumb/v7e-m+dp/hard/crtbegin.o

.RxDecripSection
                0x2000005c       0xa0 load address 0x08004e70
 .RxDecripSection
                0x2000005c       0xa0 ./Core/Src/main.o
                0x2000005c                DMARxDscrTab

.TxDecripSection
                0x200000fc       0xa0 load address 0x08004f10
 .TxDecripSection
                0x200000fc       0xa0 ./Core/Src/main.o
                0x200000fc                DMATxDscrTab
                0x2000019c                        . = ALIGN (0x4)

.bss            0x2000019c      0x84c load address 0x08004fb0
                0x2000019c                        _sbss = .
                0x2000019c                        __bss_start__ = _sbss
 *(.bss)
 .bss           0x2000019c       0x1c C:/ST/STM32CubeIDE_1.19.0/STM32CubeIDE/plugins/com.st.stm32cube.ide.mcu.externaltools.gnu-tools-for-stm32.13.3.rel1.win32_1.0.0.202411081344/tools/bin/../lib/gcc/arm-none-eabi/13.3.1/thumb/v7e-m+dp/hard/crtbegin.o
 *(.bss*)
 .bss.TxConfig  0x200001b8       0x38 ./Core/Src/main.o
                0x200001b8                TxConfig
 .bss.heth      0x200001f0       0xb0 ./Core/Src/main.o
                0x200001f0                heth
 .bss.huart2    0x200002a0       0x88 ./Core/Src/main.o
                0x200002a0                huart2
 .bss.hpcd_USB_OTG_FS
                0x20000328      0x4e0 ./Core/Src/main.o
                0x20000328                hpcd_USB_OTG_FS
 .bss.OutputBuffer
                0x20000808       0x80 ./Core/Src/main.o
                0x20000808                OutputBuffer
 .bss.i         0x20000888        0x4 ./Core/Src/main.o
                0x20000888                i
 .bss.ReceiveCharacter
                0x2000088c        0x1 ./Core/Src/main.o
                0x2000088c                ReceiveCharacter
 *fill*         0x2000088d        0x3 
 .bss.MACAddr.2
                0x20000890        0x6 ./Core/Src/main.o
 *fill*         0x20000896        0x2 
 .bss.__sbrk_heap_end
                0x20000898        0x4 ./Core/Src/sysmem.o
 .bss.uwTick    0x2000089c        0x4 ./Drivers/STM32F7xx_HAL_Driver/Src/stm32f7xx_hal.o
                0x2000089c                uwTick
 .bss.__sf      0x200008a0      0x138 C:/ST/STM32CubeIDE_1.19.0/STM32CubeIDE/plugins/com.st.stm32cube.ide.mcu.externaltools.gnu-tools-for-stm32.13.3.rel1.win32_1.0.0.202411081344/tools/bin/../lib/gcc/arm-none-eabi/13.3.1/../../../../arm-none-eabi/lib/thumb/v7e-m+dp/hard\libc_nano.a(libc_a-findfp.o)
                0x200008a0                __sf
 .bss.errno     0x200009d8        0x4 C:/ST/STM32CubeIDE_1.19.0/STM32CubeIDE/plugins/com.st.stm32cube.ide.mcu.externaltools.gnu-tools-for-stm32.13.3.rel1.win32_1.0.0.202411081344/tools/bin/../lib/gcc/arm-none-eabi/13.3.1/../../../../arm-none-eabi/lib/thumb/v7e-m+dp/hard\libc_nano.a(libc_a-reent.o)
                0x200009d8                errno
 .bss.__lock___malloc_recursive_mutex
                0x200009dc        0x1 C:/ST/STM32CubeIDE_1.19.0/STM32CubeIDE/plugins/com.st.stm32cube.ide.mcu.externaltools.gnu-tools-for-stm32.13.3.rel1.win32_1.0.0.202411081344/tools/bin/../lib/gcc/arm-none-eabi/13.3.1/../../../../arm-none-eabi/lib/thumb/v7e-m+dp/hard\libc_nano.a(libc_a-lock.o)
                0x200009dc                __lock___malloc_recursive_mutex
 *fill*         0x200009dd        0x3 
 .bss.__malloc_sbrk_start
                0x200009e0        0x4 C:/ST/STM32CubeIDE_1.19.0/STM32CubeIDE/plugins/com.st.stm32cube.ide.mcu.externaltools.gnu-tools-for-stm32.13.3.rel1.win32_1.0.0.202411081344/tools/bin/../lib/gcc/arm-none-eabi/13.3.1/../../../../arm-none-eabi/lib/thumb/v7e-m+dp/hard\libc_nano.a(libc_a-mallocr.o)
                0x200009e0                __malloc_sbrk_start
 .bss.__malloc_free_list
                0x200009e4        0x4 C:/ST/STM32CubeIDE_1.19.0/STM32CubeIDE/plugins/com.st.stm32cube.ide.mcu.externaltools.gnu-tools-for-stm32.13.3.rel1.win32_1.0.0.202411081344/tools/bin/../lib/gcc/arm-none-eabi/13.3.1/../../../../arm-none-eabi/lib/thumb/v7e-m+dp/hard\libc_nano.a(libc_a-mallocr.o)
                0x200009e4                __malloc_free_list
 *(COMMON)
                0x200009e8                        . = ALIGN (0x4)
                0x200009e8                        _ebss = .
                0x200009e8                        __bss_end__ = _ebss

._user_heap_stack
                0x200009e8      0x600 load address 0x08004fb0
                0x200009e8                        . = ALIGN (0x8)
                [!provide]                        PROVIDE (end = .)
                0x200009e8                        PROVIDE (_end = .)
                0x20000be8                        . = (. + _Min_Heap_Size)
 *fill*         0x200009e8      0x200 
                0x20000fe8                        . = (. + _Min_Stack_Size)
 *fill*         0x20000be8      0x400 
                0x20000fe8                        . = ALIGN (0x8)

/DISCARD/
 libc.a(*)
 libm.a(*)
 libgcc.a(*)

.ARM.attributes
                0x00000000       0x2e
 *(.ARM.attributes)
 .ARM.attributes
                0x00000000       0x20 C:/ST/STM32CubeIDE_1.19.0/STM32CubeIDE/plugins/com.st.stm32cube.ide.mcu.externaltools.gnu-tools-for-stm32.13.3.rel1.win32_1.0.0.202411081344/tools/bin/../lib/gcc/arm-none-eabi/13.3.1/thumb/v7e-m+dp/hard/crti.o
 .ARM.attributes
                0x00000020       0x32 C:/ST/STM32CubeIDE_1.19.0/STM32CubeIDE/plugins/com.st.stm32cube.ide.mcu.externaltools.gnu-tools-for-stm32.13.3.rel1.win32_1.0.0.202411081344/tools/bin/../lib/gcc/arm-none-eabi/13.3.1/thumb/v7e-m+dp/hard/crtbegin.o
 .ARM.attributes
                0x00000052       0x32 ./Core/Src/main.o
 .ARM.attributes
                0x00000084       0x32 ./Core/Src/stm32f7xx_hal_msp.o
 .ARM.attributes
                0x000000b6       0x32 ./Core/Src/stm32f7xx_it.o
 .ARM.attributes
                0x000000e8       0x32 ./Core/Src/sysmem.o
 .ARM.attributes
                0x0000011a       0x32 ./Core/Src/system_stm32f7xx.o
 .ARM.attributes
                0x0000014c       0x21 ./Core/Startup/startup_stm32f767zitx.o
 .ARM.attributes
                0x0000016d       0x32 ./Drivers/STM32F7xx_HAL_Driver/Src/stm32f7xx_hal.o
 .ARM.attributes
                0x0000019f       0x32 ./Drivers/STM32F7xx_HAL_Driver/Src/stm32f7xx_hal_cortex.o
 .ARM.attributes
                0x000001d1       0x32 ./Drivers/STM32F7xx_HAL_Driver/Src/stm32f7xx_hal_eth.o
 .ARM.attributes
                0x00000203       0x32 ./Drivers/STM32F7xx_HAL_Driver/Src/stm32f7xx_hal_gpio.o
 .ARM.attributes
                0x00000235       0x32 ./Drivers/STM32F7xx_HAL_Driver/Src/stm32f7xx_hal_pcd.o
 .ARM.attributes
                0x00000267       0x32 ./Drivers/STM32F7xx_HAL_Driver/Src/stm32f7xx_hal_pcd_ex.o
 .ARM.attributes
                0x00000299       0x32 ./Drivers/STM32F7xx_HAL_Driver/Src/stm32f7xx_hal_pwr.o
 .ARM.attributes
                0x000002cb       0x32 ./Drivers/STM32F7xx_HAL_Driver/Src/stm32f7xx_hal_pwr_ex.o
 .ARM.attributes
                0x000002fd       0x32 ./Drivers/STM32F7xx_HAL_Driver/Src/stm32f7xx_hal_rcc.o
 .ARM.attributes
                0x0000032f       0x32 ./Drivers/STM32F7xx_HAL_Driver/Src/stm32f7xx_hal_rcc_ex.o
 .ARM.attributes
                0x00000361       0x32 ./Drivers/STM32F7xx_HAL_Driver/Src/stm32f7xx_hal_uart.o
 .ARM.attributes
                0x00000393       0x32 ./Drivers/STM32F7xx_HAL_Driver/Src/stm32f7xx_ll_usb.o
 .ARM.attributes
                0x000003c5       0x32 C:/ST/STM32CubeIDE_1.19.0/STM32CubeIDE/plugins/com.st.stm32cube.ide.mcu.externaltools.gnu-tools-for-stm32.13.3.rel1.win32_1.0.0.202411081344/tools/bin/../lib/gcc/arm-none-eabi/13.3.1/../../../../arm-none-eabi/lib/thumb/v7e-m+dp/hard\libc_nano.a(libc_a-findfp.o)
 .ARM.attributes
                0x000003f7       0x32 C:/ST/STM32CubeIDE_1.19.0/STM32CubeIDE/plugins/com.st.stm32cube.ide.mcu.externaltools.gnu-tools-for-stm32.13.3.rel1.win32_1.0.0.202411081344/tools/bin/../lib/gcc/arm-none-eabi/13.3.1/../../../../arm-none-eabi/lib/thumb/v7e-m+dp/hard\libc_nano.a(libc_a-sprintf.o)
 .ARM.attributes
                0x00000429       0x32 C:/ST/STM32CubeIDE_1.19.0/STM32CubeIDE/plugins/com.st.stm32cube.ide.mcu.externaltools.gnu-tools-for-stm32.13.3.rel1.win32_1.0.0.202411081344/tools/bin/../lib/gcc/arm-none-eabi/13.3.1/../../../../arm-none-eabi/lib/thumb/v7e-m+dp/hard\libc_nano.a(libc_a-memset.o)
 .ARM.attributes
                0x0000045b       0x32 C:/ST/STM32CubeIDE_1.19.0/STM32CubeIDE/plugins/com.st.stm32cube.ide.mcu.externaltools.gnu-tools-for-stm32.13.3.rel1.win32_1.0.0.202411081344/tools/bin/../lib/gcc/arm-none-eabi/13.3.1/../../../../arm-none-eabi/lib/thumb/v7e-m+dp/hard\libc_nano.a(libc_a-reent.o)
 .ARM.attributes
                0x0000048d       0x32 C:/ST/STM32CubeIDE_1.19.0/STM32CubeIDE/plugins/com.st.stm32cube.ide.mcu.externaltools.gnu-tools-for-stm32.13.3.rel1.win32_1.0.0.202411081344/tools/bin/../lib/gcc/arm-none-eabi/13.3.1/../../../../arm-none-eabi/lib/thumb/v7e-m+dp/hard\libc_nano.a(libc_a-impure.o)
 .ARM.attributes
                0x000004bf       0x32 C:/ST/STM32CubeIDE_1.19.0/STM32CubeIDE/plugins/com.st.stm32cube.ide.mcu.externaltools.gnu-tools-for-stm32.13.3.rel1.win32_1.0.0.202411081344/tools/bin/../lib/gcc/arm-none-eabi/13.3.1/../../../../arm-none-eabi/lib/thumb/v7e-m+dp/hard\libc_nano.a(libc_a-errno.o)
 .ARM.attributes
                0x000004f1       0x32 C:/ST/STM32CubeIDE_1.19.0/STM32CubeIDE/plugins/com.st.stm32cube.ide.mcu.externaltools.gnu-tools-for-stm32.13.3.rel1.win32_1.0.0.202411081344/tools/bin/../lib/gcc/arm-none-eabi/13.3.1/../../../../arm-none-eabi/lib/thumb/v7e-m+dp/hard\libc_nano.a(libc_a-init.o)
 .ARM.attributes
                0x00000523       0x32 C:/ST/STM32CubeIDE_1.19.0/STM32CubeIDE/plugins/com.st.stm32cube.ide.mcu.externaltools.gnu-tools-for-stm32.13.3.rel1.win32_1.0.0.202411081344/tools/bin/../lib/gcc/arm-none-eabi/13.3.1/../../../../arm-none-eabi/lib/thumb/v7e-m+dp/hard\libc_nano.a(libc_a-lock.o)
 .ARM.attributes
                0x00000555       0x32 C:/ST/STM32CubeIDE_1.19.0/STM32CubeIDE/plugins/com.st.stm32cube.ide.mcu.externaltools.gnu-tools-for-stm32.13.3.rel1.win32_1.0.0.202411081344/tools/bin/../lib/gcc/arm-none-eabi/13.3.1/../../../../arm-none-eabi/lib/thumb/v7e-m+dp/hard\libc_nano.a(libc_a-freer.o)
 .ARM.attributes
                0x00000587       0x32 C:/ST/STM32CubeIDE_1.19.0/STM32CubeIDE/plugins/com.st.stm32cube.ide.mcu.externaltools.gnu-tools-for-stm32.13.3.rel1.win32_1.0.0.202411081344/tools/bin/../lib/gcc/arm-none-eabi/13.3.1/../../../../arm-none-eabi/lib/thumb/v7e-m+dp/hard\libc_nano.a(libc_a-mallocr.o)
 .ARM.attributes
                0x000005b9       0x32 C:/ST/STM32CubeIDE_1.19.0/STM32CubeIDE/plugins/com.st.stm32cube.ide.mcu.externaltools.gnu-tools-for-stm32.13.3.rel1.win32_1.0.0.202411081344/tools/bin/../lib/gcc/arm-none-eabi/13.3.1/../../../../arm-none-eabi/lib/thumb/v7e-m+dp/hard\libc_nano.a(libc_a-mlock.o)
 .ARM.attributes
                0x000005eb       0x32 C:/ST/STM32CubeIDE_1.19.0/STM32CubeIDE/plugins/com.st.stm32cube.ide.mcu.externaltools.gnu-tools-for-stm32.13.3.rel1.win32_1.0.0.202411081344/tools/bin/../lib/gcc/arm-none-eabi/13.3.1/../../../../arm-none-eabi/lib/thumb/v7e-m+dp/hard\libc_nano.a(libc_a-nano-svfprintf.o)
 .ARM.attributes
                0x0000061d       0x32 C:/ST/STM32CubeIDE_1.19.0/STM32CubeIDE/plugins/com.st.stm32cube.ide.mcu.externaltools.gnu-tools-for-stm32.13.3.rel1.win32_1.0.0.202411081344/tools/bin/../lib/gcc/arm-none-eabi/13.3.1/../../../../arm-none-eabi/lib/thumb/v7e-m+dp/hard\libc_nano.a(libc_a-nano-vfprintf_i.o)
 .ARM.attributes
                0x0000064f       0x32 C:/ST/STM32CubeIDE_1.19.0/STM32CubeIDE/plugins/com.st.stm32cube.ide.mcu.externaltools.gnu-tools-for-stm32.13.3.rel1.win32_1.0.0.202411081344/tools/bin/../lib/gcc/arm-none-eabi/13.3.1/../../../../arm-none-eabi/lib/thumb/v7e-m+dp/hard\libc_nano.a(libc_a-memmove.o)
 .ARM.attributes
                0x00000681       0x32 C:/ST/STM32CubeIDE_1.19.0/STM32CubeIDE/plugins/com.st.stm32cube.ide.mcu.externaltools.gnu-tools-for-stm32.13.3.rel1.win32_1.0.0.202411081344/tools/bin/../lib/gcc/arm-none-eabi/13.3.1/../../../../arm-none-eabi/lib/thumb/v7e-m+dp/hard\libc_nano.a(libc_a-sbrkr.o)
 .ARM.attributes
                0x000006b3       0x1c C:/ST/STM32CubeIDE_1.19.0/STM32CubeIDE/plugins/com.st.stm32cube.ide.mcu.externaltools.gnu-tools-for-stm32.13.3.rel1.win32_1.0.0.202411081344/tools/bin/../lib/gcc/arm-none-eabi/13.3.1/../../../../arm-none-eabi/lib/thumb/v7e-m+dp/hard\libc_nano.a(libc_a-memchr.o)
 .ARM.attributes
                0x000006cf       0x32 C:/ST/STM32CubeIDE_1.19.0/STM32CubeIDE/plugins/com.st.stm32cube.ide.mcu.externaltools.gnu-tools-for-stm32.13.3.rel1.win32_1.0.0.202411081344/tools/bin/../lib/gcc/arm-none-eabi/13.3.1/../../../../arm-none-eabi/lib/thumb/v7e-m+dp/hard\libc_nano.a(libc_a-memcpy-stub.o)
 .ARM.attributes
                0x00000701       0x32 C:/ST/STM32CubeIDE_1.19.0/STM32CubeIDE/plugins/com.st.stm32cube.ide.mcu.externaltools.gnu-tools-for-stm32.13.3.rel1.win32_1.0.0.202411081344/tools/bin/../lib/gcc/arm-none-eabi/13.3.1/../../../../arm-none-eabi/lib/thumb/v7e-m+dp/hard\libc_nano.a(libc_a-reallocr.o)
 .ARM.attributes
                0x00000733       0x32 C:/ST/STM32CubeIDE_1.19.0/STM32CubeIDE/plugins/com.st.stm32cube.ide.mcu.externaltools.gnu-tools-for-stm32.13.3.rel1.win32_1.0.0.202411081344/tools/bin/../lib/gcc/arm-none-eabi/13.3.1/../../../../arm-none-eabi/lib/thumb/v7e-m+dp/hard\libc_nano.a(libc_a-msizer.o)
 .ARM.attributes
                0x00000765       0x20 C:/ST/STM32CubeIDE_1.19.0/STM32CubeIDE/plugins/com.st.stm32cube.ide.mcu.externaltools.gnu-tools-for-stm32.13.3.rel1.win32_1.0.0.202411081344/tools/bin/../lib/gcc/arm-none-eabi/13.3.1/thumb/v7e-m+dp/hard\libgcc.a(_aeabi_uldivmod.o)
 .ARM.attributes
                0x00000785       0x32 C:/ST/STM32CubeIDE_1.19.0/STM32CubeIDE/plugins/com.st.stm32cube.ide.mcu.externaltools.gnu-tools-for-stm32.13.3.rel1.win32_1.0.0.202411081344/tools/bin/../lib/gcc/arm-none-eabi/13.3.1/thumb/v7e-m+dp/hard\libgcc.a(_udivmoddi4.o)
 .ARM.attributes
                0x000007b7       0x20 C:/ST/STM32CubeIDE_1.19.0/STM32CubeIDE/plugins/com.st.stm32cube.ide.mcu.externaltools.gnu-tools-for-stm32.13.3.rel1.win32_1.0.0.202411081344/tools/bin/../lib/gcc/arm-none-eabi/13.3.1/thumb/v7e-m+dp/hard\libgcc.a(_dvmd_tls.o)
 .ARM.attributes
                0x000007d7       0x20 C:/ST/STM32CubeIDE_1.19.0/STM32CubeIDE/plugins/com.st.stm32cube.ide.mcu.externaltools.gnu-tools-for-stm32.13.3.rel1.win32_1.0.0.202411081344/tools/bin/../lib/gcc/arm-none-eabi/13.3.1/thumb/v7e-m+dp/hard/crtn.o
OUTPUT(Electrical Lead Training.elf elf32-littlearm)
LOAD linker stubs
LOAD C:/ST/STM32CubeIDE_1.19.0/STM32CubeIDE/plugins/com.st.stm32cube.ide.mcu.externaltools.gnu-tools-for-stm32.13.3.rel1.win32_1.0.0.202411081344/tools/bin/../lib/gcc/arm-none-eabi/13.3.1/../../../../arm-none-eabi/lib/thumb/v7e-m+dp/hard\libc.a
LOAD C:/ST/STM32CubeIDE_1.19.0/STM32CubeIDE/plugins/com.st.stm32cube.ide.mcu.externaltools.gnu-tools-for-stm32.13.3.rel1.win32_1.0.0.202411081344/tools/bin/../lib/gcc/arm-none-eabi/13.3.1/../../../../arm-none-eabi/lib/thumb/v7e-m+dp/hard\libm.a
LOAD C:/ST/STM32CubeIDE_1.19.0/STM32CubeIDE/plugins/com.st.stm32cube.ide.mcu.externaltools.gnu-tools-for-stm32.13.3.rel1.win32_1.0.0.202411081344/tools/bin/../lib/gcc/arm-none-eabi/13.3.1/thumb/v7e-m+dp/hard\libgcc.a

.debug_info     0x00000000    0x11a29
 .debug_info    0x00000000     0x1dd7 ./Core/Src/main.o
 .debug_info    0x00001dd7     0x1bb4 ./Core/Src/stm32f7xx_hal_msp.o
 .debug_info    0x0000398b      0x112 ./Core/Src/stm32f7xx_it.o
 .debug_info    0x00003a9d      0x168 ./Core/Src/sysmem.o
 .debug_info    0x00003c05      0x6ed ./Core/Src/system_stm32f7xx.o
 .debug_info    0x000042f2       0x30 ./Core/Startup/startup_stm32f767zitx.o
 .debug_info    0x00004322      0xa4c ./Drivers/STM32F7xx_HAL_Driver/Src/stm32f7xx_hal.o
 .debug_info    0x00004d6e      0xfc0 ./Drivers/STM32F7xx_HAL_Driver/Src/stm32f7xx_hal_cortex.o
 .debug_info    0x00005d2e     0x21b6 ./Drivers/STM32F7xx_HAL_Driver/Src/stm32f7xx_hal_eth.o
 .debug_info    0x00007ee4      0x6f3 ./Drivers/STM32F7xx_HAL_Driver/Src/stm32f7xx_hal_gpio.o
 .debug_info    0x000085d7     0x1599 ./Drivers/STM32F7xx_HAL_Driver/Src/stm32f7xx_hal_pcd.o
 .debug_info    0x00009b70      0x7a3 ./Drivers/STM32F7xx_HAL_Driver/Src/stm32f7xx_hal_pcd_ex.o
 .debug_info    0x0000a313      0x90e ./Drivers/STM32F7xx_HAL_Driver/Src/stm32f7xx_hal_pwr.o
 .debug_info    0x0000ac21      0x8cd ./Drivers/STM32F7xx_HAL_Driver/Src/stm32f7xx_hal_pwr_ex.o
 .debug_info    0x0000b4ee      0x94b ./Drivers/STM32F7xx_HAL_Driver/Src/stm32f7xx_hal_rcc.o
 .debug_info    0x0000be39      0x6e1 ./Drivers/STM32F7xx_HAL_Driver/Src/stm32f7xx_hal_rcc_ex.o
 .debug_info    0x0000c51a     0x3b13 ./Drivers/STM32F7xx_HAL_Driver/Src/stm32f7xx_hal_uart.o
 .debug_info    0x0001002d     0x19fc ./Drivers/STM32F7xx_HAL_Driver/Src/stm32f7xx_ll_usb.o

.debug_abbrev   0x00000000     0x2541
 .debug_abbrev  0x00000000      0x365 ./Core/Src/main.o
 .debug_abbrev  0x00000365      0x27d ./Core/Src/stm32f7xx_hal_msp.o
 .debug_abbrev  0x000005e2       0x73 ./Core/Src/stm32f7xx_it.o
 .debug_abbrev  0x00000655       0xbc ./Core/Src/sysmem.o
 .debug_abbrev  0x00000711      0x13b ./Core/Src/system_stm32f7xx.o
 .debug_abbrev  0x0000084c       0x24 ./Core/Startup/startup_stm32f767zitx.o
 .debug_abbrev  0x00000870      0x213 ./Drivers/STM32F7xx_HAL_Driver/Src/stm32f7xx_hal.o
 .debug_abbrev  0x00000a83      0x31e ./Drivers/STM32F7xx_HAL_Driver/Src/stm32f7xx_hal_cortex.o
 .debug_abbrev  0x00000da1      0x35a ./Drivers/STM32F7xx_HAL_Driver/Src/stm32f7xx_hal_eth.o
 .debug_abbrev  0x000010fb      0x1d4 ./Drivers/STM32F7xx_HAL_Driver/Src/stm32f7xx_hal_gpio.o
 .debug_abbrev  0x000012cf      0x2ee ./Drivers/STM32F7xx_HAL_Driver/Src/stm32f7xx_hal_pcd.o
 .debug_abbrev  0x000015bd      0x1ca ./Drivers/STM32F7xx_HAL_Driver/Src/stm32f7xx_hal_pcd_ex.o
 .debug_abbrev  0x00001787      0x1c5 ./Drivers/STM32F7xx_HAL_Driver/Src/stm32f7xx_hal_pwr.o
 .debug_abbrev  0x0000194c      0x1d5 ./Drivers/STM32F7xx_HAL_Driver/Src/stm32f7xx_hal_pwr_ex.o
 .debug_abbrev  0x00001b21      0x2de ./Drivers/STM32F7xx_HAL_Driver/Src/stm32f7xx_hal_rcc.o
 .debug_abbrev  0x00001dff      0x1c9 ./Drivers/STM32F7xx_HAL_Driver/Src/stm32f7xx_hal_rcc_ex.o
 .debug_abbrev  0x00001fc8      0x2e6 ./Drivers/STM32F7xx_HAL_Driver/Src/stm32f7xx_hal_uart.o
 .debug_abbrev  0x000022ae      0x293 ./Drivers/STM32F7xx_HAL_Driver/Src/stm32f7xx_ll_usb.o

.debug_aranges  0x00000000      0xd50
 .debug_aranges
                0x00000000       0x60 ./Core/Src/main.o
 .debug_aranges
                0x00000060       0x50 ./Core/Src/stm32f7xx_hal_msp.o
 .debug_aranges
                0x000000b0       0x60 ./Core/Src/stm32f7xx_it.o
 .debug_aranges
                0x00000110       0x20 ./Core/Src/sysmem.o
 .debug_aranges
                0x00000130       0x28 ./Core/Src/system_stm32f7xx.o
 .debug_aranges
                0x00000158       0x28 ./Core/Startup/startup_stm32f767zitx.o
 .debug_aranges
                0x00000180      0x110 ./Drivers/STM32F7xx_HAL_Driver/Src/stm32f7xx_hal.o
 .debug_aranges
                0x00000290      0x128 ./Drivers/STM32F7xx_HAL_Driver/Src/stm32f7xx_hal_cortex.o
 .debug_aranges
                0x000003b8      0x1e8 ./Drivers/STM32F7xx_HAL_Driver/Src/stm32f7xx_hal_eth.o
 .debug_aranges
                0x000005a0       0x58 ./Drivers/STM32F7xx_HAL_Driver/Src/stm32f7xx_hal_gpio.o
 .debug_aranges
                0x000005f8      0x148 ./Drivers/STM32F7xx_HAL_Driver/Src/stm32f7xx_hal_pcd.o
 .debug_aranges
                0x00000740       0x48 ./Drivers/STM32F7xx_HAL_Driver/Src/stm32f7xx_hal_pcd_ex.o
 .debug_aranges
                0x00000788       0xa0 ./Drivers/STM32F7xx_HAL_Driver/Src/stm32f7xx_hal_pwr.o
 .debug_aranges
                0x00000828       0x80 ./Drivers/STM32F7xx_HAL_Driver/Src/stm32f7xx_hal_pwr_ex.o
 .debug_aranges
                0x000008a8       0x88 ./Drivers/STM32F7xx_HAL_Driver/Src/stm32f7xx_hal_rcc.o
 .debug_aranges
                0x00000930       0x50 ./Drivers/STM32F7xx_HAL_Driver/Src/stm32f7xx_hal_rcc_ex.o
 .debug_aranges
                0x00000980      0x230 ./Drivers/STM32F7xx_HAL_Driver/Src/stm32f7xx_hal_uart.o
 .debug_aranges
                0x00000bb0      0x1a0 ./Drivers/STM32F7xx_HAL_Driver/Src/stm32f7xx_ll_usb.o

.debug_rnglists
                0x00000000      0xa36
 .debug_rnglists
                0x00000000       0x47 ./Core/Src/main.o
 .debug_rnglists
                0x00000047       0x3a ./Core/Src/stm32f7xx_hal_msp.o
 .debug_rnglists
                0x00000081       0x43 ./Core/Src/stm32f7xx_it.o
 .debug_rnglists
                0x000000c4       0x13 ./Core/Src/sysmem.o
 .debug_rnglists
                0x000000d7       0x1a ./Core/Src/system_stm32f7xx.o
 .debug_rnglists
                0x000000f1       0x19 ./Core/Startup/startup_stm32f767zitx.o
 .debug_rnglists
                0x0000010a       0xc7 ./Drivers/STM32F7xx_HAL_Driver/Src/stm32f7xx_hal.o
 .debug_rnglists
                0x000001d1       0xda ./Drivers/STM32F7xx_HAL_Driver/Src/stm32f7xx_hal_cortex.o
 .debug_rnglists
                0x000002ab      0x183 ./Drivers/STM32F7xx_HAL_Driver/Src/stm32f7xx_hal_eth.o
 .debug_rnglists
                0x0000042e       0x3f ./Drivers/STM32F7xx_HAL_Driver/Src/stm32f7xx_hal_gpio.o
 .debug_rnglists
                0x0000046d       0xfa ./Drivers/STM32F7xx_HAL_Driver/Src/stm32f7xx_hal_pcd.o
 .debug_rnglists
                0x00000567       0x32 ./Drivers/STM32F7xx_HAL_Driver/Src/stm32f7xx_hal_pcd_ex.o
 .debug_rnglists
                0x00000599       0x74 ./Drivers/STM32F7xx_HAL_Driver/Src/stm32f7xx_hal_pwr.o
 .debug_rnglists
                0x0000060d       0x5f ./Drivers/STM32F7xx_HAL_Driver/Src/stm32f7xx_hal_pwr_ex.o
 .debug_rnglists
                0x0000066c       0x67 ./Drivers/STM32F7xx_HAL_Driver/Src/stm32f7xx_hal_rcc.o
 .debug_rnglists
                0x000006d3       0x3c ./Drivers/STM32F7xx_HAL_Driver/Src/stm32f7xx_hal_rcc_ex.o
 .debug_rnglists
                0x0000070f      0x1e0 ./Drivers/STM32F7xx_HAL_Driver/Src/stm32f7xx_hal_uart.o
 .debug_rnglists
                0x000008ef      0x147 ./Drivers/STM32F7xx_HAL_Driver/Src/stm32f7xx_ll_usb.o

.debug_macro    0x00000000    0x289f3
 .debug_macro   0x00000000      0x30e ./Core/Src/main.o
 .debug_macro   0x0000030e      0xaf0 ./Core/Src/main.o
 .debug_macro   0x00000dfe      0x299 ./Core/Src/main.o
 .debug_macro   0x00001097       0x2e ./Core/Src/main.o
 .debug_macro   0x000010c5       0x3b ./Core/Src/main.o
 .debug_macro   0x00001100       0x22 ./Core/Src/main.o
 .debug_macro   0x00001122       0x8e ./Core/Src/main.o
 .debug_macro   0x000011b0       0x51 ./Core/Src/main.o
 .debug_macro   0x00001201      0x103 ./Core/Src/main.o
 .debug_macro   0x00001304       0x6a ./Core/Src/main.o
 .debug_macro   0x0000136e      0x1df ./Core/Src/main.o
 .debug_macro   0x0000154d       0x1c ./Core/Src/main.o
 .debug_macro   0x00001569       0x22 ./Core/Src/main.o
 .debug_macro   0x0000158b       0xd9 ./Core/Src/main.o
 .debug_macro   0x00001664     0x12cd ./Core/Src/main.o
 .debug_macro   0x00002931      0x11f ./Core/Src/main.o
 .debug_macro   0x00002a50       0x19 ./Core/Src/main.o
 .debug_macro   0x00002a69    0x1aa23 ./Core/Src/main.o
 .debug_macro   0x0001d48c       0x6d ./Core/Src/main.o
 .debug_macro   0x0001d4f9     0x375e ./Core/Src/main.o
 .debug_macro   0x00020c57      0x190 ./Core/Src/main.o
 .debug_macro   0x00020de7       0x63 ./Core/Src/main.o
 .debug_macro   0x00020e4a     0x1add ./Core/Src/main.o
 .debug_macro   0x00022927      0x6c4 ./Core/Src/main.o
 .debug_macro   0x00022feb      0x18b ./Core/Src/main.o
 .debug_macro   0x00023176      0x115 ./Core/Src/main.o
 .debug_macro   0x0002328b      0x26e ./Core/Src/main.o
 .debug_macro   0x000234f9       0xa5 ./Core/Src/main.o
 .debug_macro   0x0002359e      0x24f ./Core/Src/main.o
 .debug_macro   0x000237ed       0x71 ./Core/Src/main.o
 .debug_macro   0x0002385e       0x58 ./Core/Src/main.o
 .debug_macro   0x000238b6      0x236 ./Core/Src/main.o
 .debug_macro   0x00023aec      0xb99 ./Core/Src/main.o
 .debug_macro   0x00024685      0x14e ./Core/Src/main.o
 .debug_macro   0x000247d3      0x3db ./Core/Src/main.o
 .debug_macro   0x00024bae       0x12 ./Core/Src/main.o
 .debug_macro   0x00024bc0      0x22c ./Core/Src/main.o
 .debug_macro   0x00024dec       0x61 ./Core/Src/main.o
 .debug_macro   0x00024e4d       0xa5 ./Core/Src/main.o
 .debug_macro   0x00024ef2      0x12e ./Core/Src/main.o
 .debug_macro   0x00025020      0x108 ./Core/Src/main.o
 .debug_macro   0x00025128       0x35 ./Core/Src/main.o
 .debug_macro   0x0002515d      0x5ba ./Core/Src/main.o
 .debug_macro   0x00025717       0x44 ./Core/Src/main.o
 .debug_macro   0x0002575b      0x2cb ./Core/Src/main.o
 .debug_macro   0x00025a26       0xba ./Core/Src/main.o
 .debug_macro   0x00025ae0      0x15b ./Core/Src/main.o
 .debug_macro   0x00025c3b      0x13c ./Core/Src/main.o
 .debug_macro   0x00025d77       0x61 ./Core/Src/main.o
 .debug_macro   0x00025dd8       0x29 ./Core/Src/main.o
 .debug_macro   0x00025e01       0x43 ./Core/Src/main.o
 .debug_macro   0x00025e44       0x34 ./Core/Src/main.o
 .debug_macro   0x00025e78      0x370 ./Core/Src/main.o
 .debug_macro   0x000261e8       0x16 ./Core/Src/main.o
 .debug_macro   0x000261fe       0x4a ./Core/Src/main.o
 .debug_macro   0x00026248       0x34 ./Core/Src/main.o
 .debug_macro   0x0002627c       0x10 ./Core/Src/main.o
 .debug_macro   0x0002628c       0x58 ./Core/Src/main.o
 .debug_macro   0x000262e4       0x8e ./Core/Src/main.o
 .debug_macro   0x00026372       0x1c ./Core/Src/main.o
 .debug_macro   0x0002638e      0x185 ./Core/Src/main.o
 .debug_macro   0x00026513       0x10 ./Core/Src/main.o
 .debug_macro   0x00026523       0x3c ./Core/Src/main.o
 .debug_macro   0x0002655f       0x20 ./Core/Src/main.o
 .debug_macro   0x0002657f       0x1c ./Core/Src/main.o
 .debug_macro   0x0002659b       0x10 ./Core/Src/main.o
 .debug_macro   0x000265ab       0x1c ./Core/Src/main.o
 .debug_macro   0x000265c7       0x16 ./Core/Src/main.o
 .debug_macro   0x000265dd      0x146 ./Core/Src/main.o
 .debug_macro   0x00026723      0x20c ./Core/Src/stm32f7xx_hal_msp.o
 .debug_macro   0x0002692f      0x216 ./Core/Src/stm32f7xx_it.o
 .debug_macro   0x00026b45      0x112 ./Core/Src/sysmem.o
 .debug_macro   0x00026c57      0x23c ./Core/Src/sysmem.o
 .debug_macro   0x00026e93      0x1fd ./Core/Src/system_stm32f7xx.o
 .debug_macro   0x00027090      0x221 ./Drivers/STM32F7xx_HAL_Driver/Src/stm32f7xx_hal.o
 .debug_macro   0x000272b1      0x1fd ./Drivers/STM32F7xx_HAL_Driver/Src/stm32f7xx_hal_cortex.o
 .debug_macro   0x000274ae      0x2d7 ./Drivers/STM32F7xx_HAL_Driver/Src/stm32f7xx_hal_eth.o
 .debug_macro   0x00027785      0x203 ./Drivers/STM32F7xx_HAL_Driver/Src/stm32f7xx_hal_gpio.o
 .debug_macro   0x00027988      0x209 ./Drivers/STM32F7xx_HAL_Driver/Src/stm32f7xx_hal_pcd.o
 .debug_macro   0x00027b91      0x1fd ./Drivers/STM32F7xx_HAL_Driver/Src/stm32f7xx_hal_pcd_ex.o
 .debug_macro   0x00027d8e      0x21b ./Drivers/STM32F7xx_HAL_Driver/Src/stm32f7xx_hal_pwr.o
 .debug_macro   0x00027fa9      0x215 ./Drivers/STM32F7xx_HAL_Driver/Src/stm32f7xx_hal_pwr_ex.o
 .debug_macro   0x000281be      0x221 ./Drivers/STM32F7xx_HAL_Driver/Src/stm32f7xx_hal_rcc.o
 .debug_macro   0x000283df      0x1fd ./Drivers/STM32F7xx_HAL_Driver/Src/stm32f7xx_hal_rcc_ex.o
 .debug_macro   0x000285dc      0x21a ./Drivers/STM32F7xx_HAL_Driver/Src/stm32f7xx_hal_uart.o
 .debug_macro   0x000287f6      0x1fd ./Drivers/STM32F7xx_HAL_Driver/Src/stm32f7xx_ll_usb.o

.debug_line     0x00000000    0x105f6
 .debug_line    0x00000000      0xb4b ./Core/Src/main.o
 .debug_line    0x00000b4b      0x90e ./Core/Src/stm32f7xx_hal_msp.o
 .debug_line    0x00001459      0x84d ./Core/Src/stm32f7xx_it.o
 .debug_line    0x00001ca6      0x588 ./Core/Src/sysmem.o
 .debug_line    0x0000222e      0x812 ./Core/Src/system_stm32f7xx.o
 .debug_line    0x00002a40       0x7a ./Core/Startup/startup_stm32f767zitx.o
 .debug_line    0x00002aba      0xaf5 ./Drivers/STM32F7xx_HAL_Driver/Src/stm32f7xx_hal.o
 .debug_line    0x000035af      0xd45 ./Drivers/STM32F7xx_HAL_Driver/Src/stm32f7xx_hal_cortex.o
 .debug_line    0x000042f4     0x1aa5 ./Drivers/STM32F7xx_HAL_Driver/Src/stm32f7xx_hal_eth.o
 .debug_line    0x00005d99      0xc1f ./Drivers/STM32F7xx_HAL_Driver/Src/stm32f7xx_hal_gpio.o
 .debug_line    0x000069b8     0x1499 ./Drivers/STM32F7xx_HAL_Driver/Src/stm32f7xx_hal_pcd.o
 .debug_line    0x00007e51      0x8b0 ./Drivers/STM32F7xx_HAL_Driver/Src/stm32f7xx_hal_pcd_ex.o
 .debug_line    0x00008701      0x9c5 ./Drivers/STM32F7xx_HAL_Driver/Src/stm32f7xx_hal_pwr.o
 .debug_line    0x000090c6      0xa95 ./Drivers/STM32F7xx_HAL_Driver/Src/stm32f7xx_hal_pwr_ex.o
 .debug_line    0x00009b5b      0xffc ./Drivers/STM32F7xx_HAL_Driver/Src/stm32f7xx_hal_rcc.o
 .debug_line    0x0000ab57      0xf48 ./Drivers/STM32F7xx_HAL_Driver/Src/stm32f7xx_hal_rcc_ex.o
 .debug_line    0x0000ba9f     0x2db1 ./Drivers/STM32F7xx_HAL_Driver/Src/stm32f7xx_hal_uart.o
 .debug_line    0x0000e850     0x1da6 ./Drivers/STM32F7xx_HAL_Driver/Src/stm32f7xx_ll_usb.o

.debug_str      0x00000000    0xf9ab1
 .debug_str     0x00000000    0xf9ab1 ./Core/Src/main.o
                              0xf5859 (size before relaxing)
 .debug_str     0x000f9ab1    0xf1f9a ./Core/Src/stm32f7xx_hal_msp.o
 .debug_str     0x000f9ab1    0xf0d8c ./Core/Src/stm32f7xx_it.o
 .debug_str     0x000f9ab1     0x77d4 ./Core/Src/sysmem.o
 .debug_str     0x000f9ab1    0xf0ab4 ./Core/Src/system_stm32f7xx.o
 .debug_str     0x000f9ab1       0x8d ./Core/Startup/startup_stm32f767zitx.o
 .debug_str     0x000f9ab1    0xf14f4 ./Drivers/STM32F7xx_HAL_Driver/Src/stm32f7xx_hal.o
 .debug_str     0x000f9ab1    0xf14d6 ./Drivers/STM32F7xx_HAL_Driver/Src/stm32f7xx_hal_cortex.o
 .debug_str     0x000f9ab1    0xf22f0 ./Drivers/STM32F7xx_HAL_Driver/Src/stm32f7xx_hal_eth.o
 .debug_str     0x000f9ab1    0xf0b72 ./Drivers/STM32F7xx_HAL_Driver/Src/stm32f7xx_hal_gpio.o
 .debug_str     0x000f9ab1    0xf14ed ./Drivers/STM32F7xx_HAL_Driver/Src/stm32f7xx_hal_pcd.o
 .debug_str     0x000f9ab1    0xf0def ./Drivers/STM32F7xx_HAL_Driver/Src/stm32f7xx_hal_pcd_ex.o
 .debug_str     0x000f9ab1    0xf0d55 ./Drivers/STM32F7xx_HAL_Driver/Src/stm32f7xx_hal_pwr.o
 .debug_str     0x000f9ab1    0xf0d23 ./Drivers/STM32F7xx_HAL_Driver/Src/stm32f7xx_hal_pwr_ex.o
 .debug_str     0x000f9ab1    0xf0e2f ./Drivers/STM32F7xx_HAL_Driver/Src/stm32f7xx_hal_rcc.o
 .debug_str     0x000f9ab1    0xf0d92 ./Drivers/STM32F7xx_HAL_Driver/Src/stm32f7xx_hal_rcc_ex.o
 .debug_str     0x000f9ab1    0xf177d ./Drivers/STM32F7xx_HAL_Driver/Src/stm32f7xx_hal_uart.o
 .debug_str     0x000f9ab1    0xf13ca ./Drivers/STM32F7xx_HAL_Driver/Src/stm32f7xx_ll_usb.o

.comment        0x00000000       0x43
 .comment       0x00000000       0x43 ./Core/Src/main.o
                                 0x44 (size before relaxing)
 .comment       0x00000043       0x44 ./Core/Src/stm32f7xx_hal_msp.o
 .comment       0x00000043       0x44 ./Core/Src/stm32f7xx_it.o
 .comment       0x00000043       0x44 ./Core/Src/sysmem.o
 .comment       0x00000043       0x44 ./Core/Src/system_stm32f7xx.o
 .comment       0x00000043       0x44 ./Drivers/STM32F7xx_HAL_Driver/Src/stm32f7xx_hal.o
 .comment       0x00000043       0x44 ./Drivers/STM32F7xx_HAL_Driver/Src/stm32f7xx_hal_cortex.o
 .comment       0x00000043       0x44 ./Drivers/STM32F7xx_HAL_Driver/Src/stm32f7xx_hal_eth.o
 .comment       0x00000043       0x44 ./Drivers/STM32F7xx_HAL_Driver/Src/stm32f7xx_hal_gpio.o
 .comment       0x00000043       0x44 ./Drivers/STM32F7xx_HAL_Driver/Src/stm32f7xx_hal_pcd.o
 .comment       0x00000043       0x44 ./Drivers/STM32F7xx_HAL_Driver/Src/stm32f7xx_hal_pcd_ex.o
 .comment       0x00000043       0x44 ./Drivers/STM32F7xx_HAL_Driver/Src/stm32f7xx_hal_pwr.o
 .comment       0x00000043       0x44 ./Drivers/STM32F7xx_HAL_Driver/Src/stm32f7xx_hal_pwr_ex.o
 .comment       0x00000043       0x44 ./Drivers/STM32F7xx_HAL_Driver/Src/stm32f7xx_hal_rcc.o
 .comment       0x00000043       0x44 ./Drivers/STM32F7xx_HAL_Driver/Src/stm32f7xx_hal_rcc_ex.o
 .comment       0x00000043       0x44 ./Drivers/STM32F7xx_HAL_Driver/Src/stm32f7xx_hal_uart.o
 .comment       0x00000043       0x44 ./Drivers/STM32F7xx_HAL_Driver/Src/stm32f7xx_ll_usb.o

.debug_frame    0x00000000     0x3c5c
 .debug_frame   0x00000000      0x12c ./Core/Src/main.o
 .debug_frame   0x0000012c      0x118 ./Core/Src/stm32f7xx_hal_msp.o
 .debug_frame   0x00000244      0x104 ./Core/Src/stm32f7xx_it.o
 .debug_frame   0x00000348       0x34 ./Core/Src/sysmem.o
 .debug_frame   0x0000037c       0x58 ./Core/Src/system_stm32f7xx.o
 .debug_frame   0x000003d4      0x3f4 ./Drivers/STM32F7xx_HAL_Driver/Src/stm32f7xx_hal.o
 .debug_frame   0x000007c8      0x4e8 ./Drivers/STM32F7xx_HAL_Driver/Src/stm32f7xx_hal_cortex.o
 .debug_frame   0x00000cb0      0x8c0 ./Drivers/STM32F7xx_HAL_Driver/Src/stm32f7xx_hal_eth.o
 .debug_frame   0x00001570      0x14c ./Drivers/STM32F7xx_HAL_Driver/Src/stm32f7xx_hal_gpio.o
 .debug_frame   0x000016bc      0x5b8 ./Drivers/STM32F7xx_HAL_Driver/Src/stm32f7xx_hal_pcd.o
 .debug_frame   0x00001c74      0x100 ./Drivers/STM32F7xx_HAL_Driver/Src/stm32f7xx_hal_pcd_ex.o
 .debug_frame   0x00001d74      0x254 ./Drivers/STM32F7xx_HAL_Driver/Src/stm32f7xx_hal_pwr.o
 .debug_frame   0x00001fc8      0x1c8 ./Drivers/STM32F7xx_HAL_Driver/Src/stm32f7xx_hal_pwr_ex.o
 .debug_frame   0x00002190      0x1f8 ./Drivers/STM32F7xx_HAL_Driver/Src/stm32f7xx_hal_rcc.o
 .debug_frame   0x00002388      0x118 ./Drivers/STM32F7xx_HAL_Driver/Src/stm32f7xx_hal_rcc_ex.o
 .debug_frame   0x000024a0      0xa10 ./Drivers/STM32F7xx_HAL_Driver/Src/stm32f7xx_hal_uart.o
 .debug_frame   0x00002eb0      0x7c0 ./Drivers/STM32F7xx_HAL_Driver/Src/stm32f7xx_ll_usb.o
 .debug_frame   0x00003670      0x144 C:/ST/STM32CubeIDE_1.19.0/STM32CubeIDE/plugins/com.st.stm32cube.ide.mcu.externaltools.gnu-tools-for-stm32.13.3.rel1.win32_1.0.0.202411081344/tools/bin/../lib/gcc/arm-none-eabi/13.3.1/../../../../arm-none-eabi/lib/thumb/v7e-m+dp/hard\libc_nano.a(libc_a-findfp.o)
 .debug_frame   0x000037b4       0x74 C:/ST/STM32CubeIDE_1.19.0/STM32CubeIDE/plugins/com.st.stm32cube.ide.mcu.externaltools.gnu-tools-for-stm32.13.3.rel1.win32_1.0.0.202411081344/tools/bin/../lib/gcc/arm-none-eabi/13.3.1/../../../../arm-none-eabi/lib/thumb/v7e-m+dp/hard\libc_nano.a(libc_a-sprintf.o)
 .debug_frame   0x00003828       0x20 C:/ST/STM32CubeIDE_1.19.0/STM32CubeIDE/plugins/com.st.stm32cube.ide.mcu.externaltools.gnu-tools-for-stm32.13.3.rel1.win32_1.0.0.202411081344/tools/bin/../lib/gcc/arm-none-eabi/13.3.1/../../../../arm-none-eabi/lib/thumb/v7e-m+dp/hard\libc_nano.a(libc_a-memset.o)
 .debug_frame   0x00003848       0x38 C:/ST/STM32CubeIDE_1.19.0/STM32CubeIDE/plugins/com.st.stm32cube.ide.mcu.externaltools.gnu-tools-for-stm32.13.3.rel1.win32_1.0.0.202411081344/tools/bin/../lib/gcc/arm-none-eabi/13.3.1/../../../../arm-none-eabi/lib/thumb/v7e-m+dp/hard\libc_nano.a(libc_a-reent.o)
 .debug_frame   0x00003880       0x20 C:/ST/STM32CubeIDE_1.19.0/STM32CubeIDE/plugins/com.st.stm32cube.ide.mcu.externaltools.gnu-tools-for-stm32.13.3.rel1.win32_1.0.0.202411081344/tools/bin/../lib/gcc/arm-none-eabi/13.3.1/../../../../arm-none-eabi/lib/thumb/v7e-m+dp/hard\libc_nano.a(libc_a-errno.o)
 .debug_frame   0x000038a0       0x2c C:/ST/STM32CubeIDE_1.19.0/STM32CubeIDE/plugins/com.st.stm32cube.ide.mcu.externaltools.gnu-tools-for-stm32.13.3.rel1.win32_1.0.0.202411081344/tools/bin/../lib/gcc/arm-none-eabi/13.3.1/../../../../arm-none-eabi/lib/thumb/v7e-m+dp/hard\libc_nano.a(libc_a-init.o)
 .debug_frame   0x000038cc       0xb0 C:/ST/STM32CubeIDE_1.19.0/STM32CubeIDE/plugins/com.st.stm32cube.ide.mcu.externaltools.gnu-tools-for-stm32.13.3.rel1.win32_1.0.0.202411081344/tools/bin/../lib/gcc/arm-none-eabi/13.3.1/../../../../arm-none-eabi/lib/thumb/v7e-m+dp/hard\libc_nano.a(libc_a-lock.o)
 .debug_frame   0x0000397c       0x38 C:/ST/STM32CubeIDE_1.19.0/STM32CubeIDE/plugins/com.st.stm32cube.ide.mcu.externaltools.gnu-tools-for-stm32.13.3.rel1.win32_1.0.0.202411081344/tools/bin/../lib/gcc/arm-none-eabi/13.3.1/../../../../arm-none-eabi/lib/thumb/v7e-m+dp/hard\libc_nano.a(libc_a-freer.o)
 .debug_frame   0x000039b4       0x50 C:/ST/STM32CubeIDE_1.19.0/STM32CubeIDE/plugins/com.st.stm32cube.ide.mcu.externaltools.gnu-tools-for-stm32.13.3.rel1.win32_1.0.0.202411081344/tools/bin/../lib/gcc/arm-none-eabi/13.3.1/../../../../arm-none-eabi/lib/thumb/v7e-m+dp/hard\libc_nano.a(libc_a-mallocr.o)
 .debug_frame   0x00003a04       0x30 C:/ST/STM32CubeIDE_1.19.0/STM32CubeIDE/plugins/com.st.stm32cube.ide.mcu.externaltools.gnu-tools-for-stm32.13.3.rel1.win32_1.0.0.202411081344/tools/bin/../lib/gcc/arm-none-eabi/13.3.1/../../../../arm-none-eabi/lib/thumb/v7e-m+dp/hard\libc_nano.a(libc_a-mlock.o)
 .debug_frame   0x00003a34       0x90 C:/ST/STM32CubeIDE_1.19.0/STM32CubeIDE/plugins/com.st.stm32cube.ide.mcu.externaltools.gnu-tools-for-stm32.13.3.rel1.win32_1.0.0.202411081344/tools/bin/../lib/gcc/arm-none-eabi/13.3.1/../../../../arm-none-eabi/lib/thumb/v7e-m+dp/hard\libc_nano.a(libc_a-nano-svfprintf.o)
 .debug_frame   0x00003ac4       0x60 C:/ST/STM32CubeIDE_1.19.0/STM32CubeIDE/plugins/com.st.stm32cube.ide.mcu.externaltools.gnu-tools-for-stm32.13.3.rel1.win32_1.0.0.202411081344/tools/bin/../lib/gcc/arm-none-eabi/13.3.1/../../../../arm-none-eabi/lib/thumb/v7e-m+dp/hard\libc_nano.a(libc_a-nano-vfprintf_i.o)
 .debug_frame   0x00003b24       0x28 C:/ST/STM32CubeIDE_1.19.0/STM32CubeIDE/plugins/com.st.stm32cube.ide.mcu.externaltools.gnu-tools-for-stm32.13.3.rel1.win32_1.0.0.202411081344/tools/bin/../lib/gcc/arm-none-eabi/13.3.1/../../../../arm-none-eabi/lib/thumb/v7e-m+dp/hard\libc_nano.a(libc_a-memmove.o)
 .debug_frame   0x00003b4c       0x2c C:/ST/STM32CubeIDE_1.19.0/STM32CubeIDE/plugins/com.st.stm32cube.ide.mcu.externaltools.gnu-tools-for-stm32.13.3.rel1.win32_1.0.0.202411081344/tools/bin/../lib/gcc/arm-none-eabi/13.3.1/../../../../arm-none-eabi/lib/thumb/v7e-m+dp/hard\libc_nano.a(libc_a-sbrkr.o)
 .debug_frame   0x00003b78       0x28 C:/ST/STM32CubeIDE_1.19.0/STM32CubeIDE/plugins/com.st.stm32cube.ide.mcu.externaltools.gnu-tools-for-stm32.13.3.rel1.win32_1.0.0.202411081344/tools/bin/../lib/gcc/arm-none-eabi/13.3.1/../../../../arm-none-eabi/lib/thumb/v7e-m+dp/hard\libc_nano.a(libc_a-memcpy-stub.o)
 .debug_frame   0x00003ba0       0x3c C:/ST/STM32CubeIDE_1.19.0/STM32CubeIDE/plugins/com.st.stm32cube.ide.mcu.externaltools.gnu-tools-for-stm32.13.3.rel1.win32_1.0.0.202411081344/tools/bin/../lib/gcc/arm-none-eabi/13.3.1/../../../../arm-none-eabi/lib/thumb/v7e-m+dp/hard\libc_nano.a(libc_a-reallocr.o)
 .debug_frame   0x00003bdc       0x20 C:/ST/STM32CubeIDE_1.19.0/STM32CubeIDE/plugins/com.st.stm32cube.ide.mcu.externaltools.gnu-tools-for-stm32.13.3.rel1.win32_1.0.0.202411081344/tools/bin/../lib/gcc/arm-none-eabi/13.3.1/../../../../arm-none-eabi/lib/thumb/v7e-m+dp/hard\libc_nano.a(libc_a-msizer.o)
 .debug_frame   0x00003bfc       0x2c C:/ST/STM32CubeIDE_1.19.0/STM32CubeIDE/plugins/com.st.stm32cube.ide.mcu.externaltools.gnu-tools-for-stm32.13.3.rel1.win32_1.0.0.202411081344/tools/bin/../lib/gcc/arm-none-eabi/13.3.1/thumb/v7e-m+dp/hard\libgcc.a(_aeabi_uldivmod.o)
 .debug_frame   0x00003c28       0x34 C:/ST/STM32CubeIDE_1.19.0/STM32CubeIDE/plugins/com.st.stm32cube.ide.mcu.externaltools.gnu-tools-for-stm32.13.3.rel1.win32_1.0.0.202411081344/tools/bin/../lib/gcc/arm-none-eabi/13.3.1/thumb/v7e-m+dp/hard\libgcc.a(_udivmoddi4.o)

.debug_line_str
                0x00000000       0x71
 .debug_line_str
                0x00000000       0x71 ./Core/Startup/startup_stm32f767zitx.o
