../Core/Src/main.c:93:6:PrintOutputBuffer	3
../Core/Src/main.c:103:6:writeDebug	1
../Core/Src/main.c:108:6:writeDebugString	1
../Core/Src/main.c:113:6:writeDebugFormat	2
../Core/Src/main.c:143:5:main	2
../Core/Src/main.c:218:6:SystemClock_Config	4
../Core/Src/main.c:276:13:MX_ADC1_Init	3
../Core/Src/main.c:328:13:MX_ETH_Init	2
../Core/Src/main.c:377:13:MX_USART3_UART_Init	2
../Core/Src/main.c:412:13:MX_USB_OTG_FS_PCD_Init	2
../Core/Src/main.c:447:13:MX_GPIO_Init	1
../Core/Src/main.c:505:6:Error_Handler	1
