../Core/Src/main.c:93:6:PrintOutputBuffer	24	static
../Core/Src/main.c:103:6:writeDebug	16	static
../Core/Src/main.c:108:6:writeDebugString	16	static
../Core/Src/main.c:113:6:writeDebugFormat	24	static
../Core/Src/main.c:143:5:main	16	static
../Core/Src/main.c:218:6:SystemClock_Config	88	static
../Core/Src/main.c:276:13:MX_ADC1_Init	24	static
../Core/Src/main.c:328:13:MX_ETH_Init	8	static
../Core/Src/main.c:377:13:MX_USART3_UART_Init	8	static
../Core/Src/main.c:412:13:MX_USB_OTG_FS_PCD_Init	8	static
../Core/Src/main.c:447:13:MX_GPIO_Init	56	static
../Core/Src/main.c:505:6:Error_Handler	4	static,ignoring_inline_asm
